Component: ARM Compiler 5.05 update 2 (build 169) Tool: armlink [4d0f33]

==============================================================================

Section Cross References

    startup_stm32f407xx.o(STACK) refers (Special) to heapauxi.o(.text) for __use_two_region_memory
    startup_stm32f407xx.o(HEAP) refers (Special) to heapauxi.o(.text) for __use_two_region_memory
    startup_stm32f407xx.o(RESET) refers (Special) to heapauxi.o(.text) for __use_two_region_memory
    startup_stm32f407xx.o(RESET) refers to startup_stm32f407xx.o(STACK) for __initial_sp
    startup_stm32f407xx.o(RESET) refers to startup_stm32f407xx.o(.text) for Reset_Handler
    startup_stm32f407xx.o(RESET) refers to stm32f4xx_it.o(i.NMI_Handler) for NMI_Handler
    startup_stm32f407xx.o(RESET) refers to stm32f4xx_it.o(i.HardFault_Handler) for HardFault_Handler
    startup_stm32f407xx.o(RESET) refers to stm32f4xx_it.o(i.MemManage_Handler) for MemManage_Handler
    startup_stm32f407xx.o(RESET) refers to stm32f4xx_it.o(i.BusFault_Handler) for BusFault_Handler
    startup_stm32f407xx.o(RESET) refers to stm32f4xx_it.o(i.UsageFault_Handler) for UsageFault_Handler
    startup_stm32f407xx.o(RESET) refers to port.o(.emb_text) for SVC_Handler
    startup_stm32f407xx.o(RESET) refers to stm32f4xx_it.o(i.DebugMon_Handler) for DebugMon_Handler
    startup_stm32f407xx.o(RESET) refers to stm32f4xx_it.o(i.SysTick_Handler) for SysTick_Handler
    startup_stm32f407xx.o(RESET) refers to stm32f4xx_it.o(i.EXTI0_IRQHandler) for EXTI0_IRQHandler
    startup_stm32f407xx.o(RESET) refers to stm32f4xx_it.o(i.EXTI3_IRQHandler) for EXTI3_IRQHandler
    startup_stm32f407xx.o(RESET) refers to stm32f4xx_it.o(i.EXTI4_IRQHandler) for EXTI4_IRQHandler
    startup_stm32f407xx.o(RESET) refers to stm32f4xx_it.o(i.CAN1_TX_IRQHandler) for CAN1_TX_IRQHandler
    startup_stm32f407xx.o(RESET) refers to stm32f4xx_it.o(i.CAN1_RX0_IRQHandler) for CAN1_RX0_IRQHandler
    startup_stm32f407xx.o(RESET) refers to stm32f4xx_it.o(i.CAN1_RX1_IRQHandler) for CAN1_RX1_IRQHandler
    startup_stm32f407xx.o(RESET) refers to stm32f4xx_it.o(i.EXTI9_5_IRQHandler) for EXTI9_5_IRQHandler
    startup_stm32f407xx.o(RESET) refers to datareceivetask.o(i.USART3_IRQHandler) for USART3_IRQHandler
    startup_stm32f407xx.o(RESET) refers to stm32f4xx_it.o(i.CAN2_TX_IRQHandler) for CAN2_TX_IRQHandler
    startup_stm32f407xx.o(RESET) refers to stm32f4xx_it.o(i.CAN2_RX0_IRQHandler) for CAN2_RX0_IRQHandler
    startup_stm32f407xx.o(RESET) refers to stm32f4xx_it.o(i.CAN2_RX1_IRQHandler) for CAN2_RX1_IRQHandler
    startup_stm32f407xx.o(RESET) refers to stm32f4xx_it.o(i.OTG_FS_IRQHandler) for OTG_FS_IRQHandler
    startup_stm32f407xx.o(.text) refers (Special) to heapauxi.o(.text) for __use_two_region_memory
    startup_stm32f407xx.o(.text) refers to system_stm32f4xx.o(i.SystemInit) for SystemInit
    startup_stm32f407xx.o(.text) refers to __main.o(!!!main) for __main
    startup_stm32f407xx.o(.text) refers to startup_stm32f407xx.o(HEAP) for Heap_Mem
    startup_stm32f407xx.o(.text) refers to startup_stm32f407xx.o(STACK) for Stack_Mem
    main.o(i.BSP_Init) refers to stm32f4xx_hal.o(i.HAL_Init) for HAL_Init
    main.o(i.BSP_Init) refers to main.o(i.SystemClock_Config) for SystemClock_Config
    main.o(i.BSP_Init) refers to main.o(i.Sentry_Init) for Sentry_Init
    main.o(i.BSP_Init) refers to gpio.o(i.MX_GPIO_Init) for MX_GPIO_Init
    main.o(i.BSP_Init) refers to dma.o(i.MX_DMA_Init) for MX_DMA_Init
    main.o(i.BSP_Init) refers to spi.o(i.MX_SPI1_Init) for MX_SPI1_Init
    main.o(i.BSP_Init) refers to tim.o(i.MX_TIM5_Init) for MX_TIM5_Init
    main.o(i.BSP_Init) refers to i2c.o(i.MX_I2C3_Init) for MX_I2C3_Init
    main.o(i.BSP_Init) refers to tim.o(i.MX_TIM10_Init) for MX_TIM10_Init
    main.o(i.BSP_Init) refers to can.o(i.MX_CAN1_Init) for MX_CAN1_Init
    main.o(i.BSP_Init) refers to can.o(i.MX_CAN2_Init) for MX_CAN2_Init
    main.o(i.BSP_Init) refers to usart.o(i.MX_USART3_UART_Init) for MX_USART3_UART_Init
    main.o(i.BSP_Init) refers to tim.o(i.MX_TIM2_Init) for MX_TIM2_Init
    main.o(i.BSP_Init) refers to bsp_delay.o(i.delay_init) for delay_init
    main.o(i.BSP_Init) refers to bsp_can.o(i.can_filter_init) for can_filter_init
    main.o(i.BSP_Init) refers to datareceivetask.o(i.remote_control_init) for remote_control_init
    main.o(i.BSP_Init) refers to bsp_dwt.o(i.DWT_Init) for DWT_Init
    main.o(i.BSP_Init) refers to bmi088driver.o(i.BMI088_init) for BMI088_init
    main.o(i.BSP_Init) refers to usb_device.o(i.MX_USB_DEVICE_Init) for MX_USB_DEVICE_Init
    main.o(i.BSP_Init) refers to tim.o(i.MX_TIM4_Init) for MX_TIM4_Init
    main.o(i.BSP_Init) refers to stm32f4xx_hal_tim.o(i.HAL_TIM_Base_Start) for HAL_TIM_Base_Start
    main.o(i.BSP_Init) refers to stm32f4xx_hal_tim.o(i.HAL_TIM_PWM_Start) for HAL_TIM_PWM_Start
    main.o(i.BSP_Init) refers to spi.o(.bss) for hspi1
    main.o(i.BSP_Init) refers to tim.o(.bss) for htim4
[...]
    __aeabi_dadd                             0x0800e40d   Thumb Code     0  daddsub_clz.o(x$fpl$dadd)
    _dadd                                    0x0800e40d   Thumb Code   332  daddsub_clz.o(x$fpl$dadd)
    __aeabi_ddiv                             0x0800e55d   Thumb Code     0  ddiv.o(x$fpl$ddiv)
    _ddiv                                    0x0800e55d   Thumb Code   552  ddiv.o(x$fpl$ddiv)
    __aeabi_d2iz                             0x0800e80d   Thumb Code     0  dfix.o(x$fpl$dfix)
    _dfix                                    0x0800e80d   Thumb Code    94  dfix.o(x$fpl$dfix)
    __aeabi_i2d                              0x0800e86b   Thumb Code     0  dflt_clz.o(x$fpl$dflt)
    _dflt                                    0x0800e86b   Thumb Code    46  dflt_clz.o(x$fpl$dflt)
    __aeabi_ui2d                             0x0800e899   Thumb Code     0  dflt_clz.o(x$fpl$dfltu)
    _dfltu                                   0x0800e899   Thumb Code    38  dflt_clz.o(x$fpl$dfltu)
    __aeabi_dmul                             0x0800e8c1   Thumb Code     0  dmul.o(x$fpl$dmul)
    _dmul                                    0x0800e8c1   Thumb Code   332  dmul.o(x$fpl$dmul)
    __fpl_dnaninf                            0x0800ea15   Thumb Code   156  dnaninf.o(x$fpl$dnaninf)
    __fpl_dretinf                            0x0800eab1   Thumb Code    12  dretinf.o(x$fpl$dretinf)
    __aeabi_drsub                            0x0800eabd   Thumb Code     0  daddsub_clz.o(x$fpl$drsb)
    _drsb                                    0x0800eabd   Thumb Code    22  daddsub_clz.o(x$fpl$drsb)
    __aeabi_dsub                             0x0800ead5   Thumb Code     0  daddsub_clz.o(x$fpl$dsub)
    _dsub                                    0x0800ead5   Thumb Code   464  daddsub_clz.o(x$fpl$dsub)
    __aeabi_f2d                              0x0800eca9   Thumb Code     0  f2d.o(x$fpl$f2d)
    _f2d                                     0x0800eca9   Thumb Code    86  f2d.o(x$fpl$f2d)
    __fpl_fnaninf                            0x0800ecff   Thumb Code   140  fnaninf.o(x$fpl$fnaninf)
    _fp_init                                 0x0800ed8b   Thumb Code    10  fpinit.o(x$fpl$fpinit)
    __fplib_config_fpu_vfp                   0x0800ed93   Thumb Code     0  fpinit.o(x$fpl$fpinit)
    __fplib_config_pureend_doubles           0x0800ed93   Thumb Code     0  fpinit.o(x$fpl$fpinit)
    __fpl_fretinf                            0x0800ed95   Thumb Code    10  fretinf.o(x$fpl$fretinf)
    __I$use$fp                               0x0800ed9e   Number         0  usenofp.o(x$fpl$usenofp)
    AHBPrescTable                            0x0800ee50   Data          16  system_stm32f4xx.o(.constdata)
    APBPrescTable                            0x0800ee60   Data           8  system_stm32f4xx.o(.constdata)
    xb                                       0x0800ee68   Data          12  ins_task.o(.constdata)
    yb                                       0x0800ee74   Data          12  ins_task.o(.constdata)
    zb                                       0x0800ee80   Data          12  ins_task.o(.constdata)
    IMU_QuaternionEKF_F                      0x0800ee98   Data         144  quaternionekf.o(.constdata)
    Region$$Table$$Base                      0x0800f934   Number         0  anon$$obj.o(Region$$Table)
    Region$$Table$$Limit                     0x0800f954   Number         0  anon$$obj.o(Region$$Table)
    imuTaskHandle                            0x20000000   Data           4  freertos.o(.data)
    led_RGB_flow_handle                      0x20000004   Data           4  freertos.o(.data)
    RCReceive_task_handle                    0x20000008   Data           4  freertos.o(.data)
    Gimbal_task_handle                       0x2000000c   Data           4  freertos.o(.data)
    Control_task_handle                      0x20000010   Data           4  freertos.o(.data)
    Action_task_handle                       0x20000014   Data           4  freertos.o(.data)
    USBD_Interface_fops_FS                   0x2000001c   Data          20  usbd_cdc_if.o(.data)
    FS_Desc                                  0x20000030   Data          28  usbd_desc.o(.data)
    USBD_LangIDDesc                          0x2000004c   Data           4  usbd_desc.o(.data)
    USBD_FS_DeviceDesc                       0x20000050   Data          18  usbd_desc.o(.data)
    USBD_StringSerial                        0x20000064   Data          26  usbd_desc.o(.data)
    PC_Receive_Flag_2_Armor                  0x20000080   Data           1  pc_serial.o(.data)
    pc_pitch                                 0x20000084   Data           4  pc_serial.o(.data)
    pc_yaw                                   0x20000088   Data           4  pc_serial.o(.data)
    uwTickFreq                               0x2000008c   Data           1  stm32f4xx_hal.o(.data)
    uwTickPrio                               0x20000090   Data           4  stm32f4xx_hal.o(.data)
    uwTick                                   0x20000094   Data           4  stm32f4xx_hal.o(.data)
    SystemCoreClock                          0x20000098   Data           4  system_stm32f4xx.o(.data)
    pxCurrentTCB                             0x2000009c   Data           4  tasks.o(.data)
    PitchMotor_ReceiveFlag                   0x20000110   Data           1  bsp_can.o(.data)
    YawMotorReceive_short                    0x20000112   Data           2  bsp_can.o(.data)
    YawMotorSpeed_short                      0x20000114   Data           2  bsp_can.o(.data)
    PitchMotorSpeed                          0x20000116   Data           2  bsp_can.o(.data)
    YawMotorSpeed                            0x20000118   Data           2  bsp_can.o(.data)
    pitch_setpos                             0x2000011c   Data           4  bsp_can.o(.data)
    yaw_setpos                               0x20000120   Data           4  bsp_can.o(.data)
    PitchMotorReceive                        0x20000124   Data           4  bsp_can.o(.data)
    YawMotorReceive                          0x20000128   Data           4  bsp_can.o(.data)
    FrictionReceive                          0x2000012c   Data           4  bsp_can.o(.data)
    rx_data_test                             0x20000130   Data           8  bsp_can.o(.data)
    JudgeRecieveData                         0x20000138   Data           8  bsp_can.o(.data)
    SysTime                                  0x200001a0   Data           8  bsp_dwt.o(.data)
    CYCCNT64                                 0x200001a8   Data           8  bsp_dwt.o(.data)
    psc                                      0x200001b0   Data           2  ins_task.o(.data)
    pwm                                      0x200001b2   Data           2  ins_task.o(.data)
    INS_Gyro_y                               0x200001b4   Data           4  ins_task.o(.data)
    INS_Gyro_x                               0x200001b8   Data           4  ins_task.o(.data)
    INS_Gyro_z                               0x200001bc   Data           4  ins_task.o(.data)
    Last_INS_Gyro_y                          0x200001c0   Data           4  ins_task.o(.data)
    Last_INS_Gyro_z                          0x200001c4   Data           4  ins_task.o(.data)
    INS_DWT_Count                            0x200001c8   Data           4  ins_task.o(.data)
    RefTemp                                  0x200001d4   Data           4  ins_task.o(.data)
    yaw_bais                                 0x200001d8   Data           4  ins_task.o(.data)
    Gyro_Threhold                            0x200001dc   Data           4  ins_task.o(.data)
    p                                        0x200001e0   Data           4  ins_task.o(.data)
    r                                        0x200001e4   Data           4  ins_task.o(.data)
    INS_Gyro_xz                              0x20000220   Data           4  ins_task.o(.data)
    RGB_flow_color                           0x20000224   Data          28  led_flow_task.o(.data)
    temp1                                    0x20000240   Data           1  datareceivetask.o(.data)
    temp2                                    0x20000241   Data           1  datareceivetask.o(.data)
    Remote_Receive_Flag                      0x20000242   Data           1  datareceivetask.o(.data)
    Remote_Disconnect_Flag                   0x20000243   Data           1  datareceivetask.o(.data)
    RC_high_water                            0x20000248   Data           4  datareceivetask.o(.data)
    BodanReceive                             0x2000024c   Data           6  datareceivetask.o(.data)
    CoolBuffState                            0x20000252   Data           1  datareceivetask.o(.data)
    B_C                                      0x2000025a   Data           2  gimbal_task.o(.data)
    Yaw_Nav_Aim_Center_Pose                  0x20000260   Data           4  gimbal_task.o(.data)
    Yaw_Current_Last                         0x20000264   Data           4  gimbal_task.o(.data)
    Pitch_Current_Last                       0x20000268   Data           4  gimbal_task.o(.data)
    LP_k                                     0x20000270   Data           8  gimbal_task.o(.data)
    L_Gimbal                                 0x20000278   Data           6  gimbal_task.o(.data)
    Inf_All_State                            0x2000027e   Data           4  actiontask.o(.data)
    Bodan_Block_flag                         0x20000285   Data           1  shoottask.o(.data)
    Bodan_Powerdown_flag                     0x20000286   Data           1  shoottask.o(.data)
    ShootAble                                0x20000287   Data           1  shoottask.o(.data)
    block_bullet_tick                        0x2000028a   Data           2  shoottask.o(.data)
    block_test                               0x2000028c   Data           2  shoottask.o(.data)
    Target_Bodan_Pos                         0x20000294   Data           4  shoottask.o(.data)
    ShootCountTime_last                      0x20000298   Data           4  shoottask.o(.data)
    ShootCount_dt                            0x2000029c   Data           4  shoottask.o(.data)
    ShootCount_Number                        0x200002a0   Data           4  shoottask.o(.data)
    HeatControlThreshold                     0x200002a4   Data           4  shoottask.o(.data)
    curHeat                                  0x200002a8   Data           4  shoottask.o(.data)
    BulletAllowCnt                           0x200002ac   Data           4  shoottask.o(.data)
    Shoot_IntervalTime                       0x200002b0   Data           4  shoottask.o(.data)
    Shoot_Cmd                                0x200002d0   Data           4  shoottask.o(.data)
    pitch_lose_flag                          0x200002d4   Data           1  zerochecktask.o(.data)
    Bodan_Pos                                0x200002d8   Data           4  zerochecktask.o(.data)
    pitch_motor_temp                         0x200002dc   Data           4  zerochecktask.o(.data)
    Theta                                    0x200002f8   Data           4  chassistask.o(.data)
    Theta_chassis                            0x200002fc   Data           4  chassistask.o(.data)
    Speed_Follow_P                           0x20000304   Data           4  chassistask.o(.data)
    Chassis_high_water                       0x20000308   Data           4  chassistask.o(.data)
    chassis                                  0x2000030c   Data           6  chassistask.o(.data)
    d                                        0x20000328   Data           2  pid.o(.data)
    caliOffset                               0x2000032f   Data           1  bmi088driver.o(.data)
    caliCount                                0x20000330   Data           2  bmi088driver.o(.data)
    BMI088_ACCEL_SEN                         0x20000338   Data           4  bmi088driver.o(.data)
    BMI088_GYRO_SEN                          0x2000033c   Data           4  bmi088driver.o(.data)
    gNormDiff                                0x20000344   Data           4  bmi088driver.o(.data)
    BMI088_SPI                               0x20000348   Data           4  bmi088driver.o(.data)
    sizeof_float                             0x20000378   Data           2  kalman_filter.o(.data)
    sizeof_double                            0x2000037a   Data           2  kalman_filter.o(.data)
    IMU_QuaternionEKF_P                      0x200003c0   Data         144  quaternionekf.o(.data)
    USBD_CDC                                 0x200004a4   Data          56  usbd_cdc.o(.data)
    Sentry                                   0x200004e0   Data          52  main.o(.bss)
    hcan1                                    0x20000bbc   Data          40  can.o(.bss)
    hcan2                                    0x20000be4   Data          40  can.o(.bss)
    hi2c3                                    0x20000c0c   Data          84  i2c.o(.bss)
    hspi1                                    0x20000c60   Data          88  spi.o(.bss)
    hdma_spi1_rx                             0x20000cb8   Data          96  spi.o(.bss)
    hdma_spi1_tx                             0x20000d18   Data          96  spi.o(.bss)
    htim2                                    0x20000d78   Data          64  tim.o(.bss)
    htim4                                    0x20000db8   Data          64  tim.o(.bss)
    htim5                                    0x20000df8   Data          64  tim.o(.bss)
    htim10                                   0x20000e38   Data          64  tim.o(.bss)
    huart3                                   0x20000e78   Data          64  usart.o(.bss)
    hdma_usart3_rx                           0x20000eb8   Data          96  usart.o(.bss)
    hUsbDeviceFS                             0x20000f18   Data         732  usb_device.o(.bss)
    UserRxBufferFS                           0x200011f4   Data        2048  usbd_cdc_if.o(.bss)
    UserTxBufferFS                           0x200019f4   Data        2048  usbd_cdc_if.o(.bss)
    USBD_StrDesc                             0x200021f4   Data         512  usbd_desc.o(.bss)
    PCbuffer                                 0x200023f4   Data          11  pc_serial.o(.bss)
    SendToPC_Buff                            0x20002400   Data          13  pc_serial.o(.bss)
    pc_recv_data                             0x2000240d   Data          11  pc_serial.o(.bss)
    pc_send_data                             0x20002418   Data          13  pc_serial.o(.bss)
    NAV_cmd                                  0x20002428   Data          16  pc_serial.o(.bss)
    xQueueRegistry                           0x20002438   Data          64  queue.o(.bss)
    hpcd_USB_OTG_FS                          0x200088f8   Data        1292  usbd_conf.o(.bss)
    TempCtrl                                 0x20008e04   Data         170  ins_task.o(.bss)
    INS                                      0x20008eb0   Data         172  ins_task.o(.bss)
    IMU_Param                                0x20008f5c   Data          28  ins_task.o(.bss)
    RC_Ctl                                   0x20008f78   Data          54  datareceivetask.o(.bss)
    Robot_Disconnect                         0x20008fb0   Data          36  datareceivetask.o(.bss)
    GyroReceive                              0x2000901c   Data          24  datareceivetask.o(.bss)
    F105                                     0x20009034   Data          32  datareceivetask.o(.bss)
    Pitch_Moto                               0x20009054   Data         228  gimbal_task.o(.bss)
    Yaw_Moto                                 0x20009138   Data         208  gimbal_task.o(.bss)
    YawTD                                    0x20009208   Data          40  gimbal_task.o(.bss)
    PitchTD                                  0x20009230   Data          40  gimbal_task.o(.bss)
    Bodan_Motor                              0x20009258   Data         136  shoottask.o(.bss)
    Shoot                                    0x200092e0   Data          40  shoottask.o(.bss)
    Frition_Wheel_Motor                      0x20009308   Data         136  shoottask.o(.bss)
    Gimbal                                   0x20009390   Data          32  zerochecktask.o(.bss)
    ZeroCheck_Pitch                          0x200093b0   Data          20  zerochecktask.o(.bss)
    ZeroCheck_Yaw                            0x200093c4   Data          20  zerochecktask.o(.bss)
    ZeroCheck_Pitch_speed                    0x200093d8   Data          20  zerochecktask.o(.bss)
    ZeroCheck_Yaw_speed                      0x200093ec   Data          20  zerochecktask.o(.bss)
    ZeroCheck_BodanPos                       0x20009400   Data          20  zerochecktask.o(.bss)
    ZeroCheck_GyroYaw                        0x20009414   Data          20  zerochecktask.o(.bss)
    ZeroCheck_GyroPitch                      0x20009428   Data          20  zerochecktask.o(.bss)
    F405                                     0x2000943c   Data          14  datasendtask.o(.bss)
    pidChassisPosition                       0x2000944c   Data          64  chassistask.o(.bss)
    FF_w                                     0x2000948c   Data          24  chassistask.o(.bss)
    gyroDiff                                 0x200094a4   Data          12  bmi088driver.o(.bss)
    BMI088                                   0x200094b0   Data          52  bmi088driver.o(.bss)
    q                                        0x200094e8   Data          16  quaternionekf.o(.bss)
    QEKF_INS                                 0x200094f8   Data         480  quaternionekf.o(.bss)
    IMU_QuaternionEKF_K                      0x200096d8   Data          72  quaternionekf.o(.bss)
    IMU_QuaternionEKF_H                      0x20009720   Data          72  quaternionekf.o(.bss)
    __libspace_start                         0x20009768   Data          96  libspace.o(.bss)
    __temporary_stack_top$libspace           0x200097c8   Data           0  libspace.o(.bss)



==============================================================================

Memory Map of the image

  Image Entry point : 0x08000189

  Load Region LR_IROM1 (Base: 0x08000000, Size: 0x0000fe34, Max: 0x00100000, ABSOLUTE, COMPRESSED[0x0000fa90])

    Execution Region ER_IROM1 (Base: 0x08000000, Size: 0x0000f954, Max: 0x00100000, ABSOLUTE)

    Base Addr    Size         Type   Attr      Idx    E Section Name        Object

    0x08000000   0x00000188   Data   RO            3    RESET               startup_stm32f407xx.o
    0x08000188   0x00000008   Code   RO         9495  * !!!main             c_w.l(__main.o)
    0x08000190   0x00000034   Code   RO         9897    !!!scatter          c_w.l(__scatter.o)
    0x080001c4   0x0000005a   Code   RO         9895    !!dczerorl2         c_w.l(__dczerorl2.o)
    0x0800021e   0x00000002   PAD
    0x08000220   0x0000001c   Code   RO         9899    !!handler_zi        c_w.l(__scatter_zi.o)
    0x0800023c   0x00000002   Code   RO         9835    .ARM.Collect$$libinit$$00000000  c_w.l(libinit.o)
    0x0800023e   0x00000004   Code   RO         9647    .ARM.Collect$$libinit$$00000001  c_w.l(libinit2.o)
    0x08000242   0x00000000   Code   RO         9650    .ARM.Collect$$libinit$$00000004  c_w.l(libinit2.o)
    0x08000242   0x00000008   Code   RO         9651    .ARM.Collect$$libinit$$00000005  c_w.l(libinit2.o)
    0x0800024a   0x00000000   Code   RO         9653    .ARM.Collect$$libinit$$0000000A  c_w.l(libinit2.o)
    0x0800024a   0x00000000   Code   RO         9655    .ARM.Collect$$libinit$$0000000C  c_w.l(libinit2.o)
    0x0800024a   0x00000000   Code   RO         9657    .ARM.Collect$$libinit$$0000000E  c_w.l(libinit2.o)
    0x0800024a   0x00000000   Code   RO         9660    .ARM.Collect$$libinit$$00000011  c_w.l(libinit2.o)
    0x0800024a   0x00000000   Code   RO         9662    .ARM.Collect$$libinit$$00000013  c_w.l(libinit2.o)
    0x0800024a   0x00000000   Code   RO         9664    .ARM.Collect$$libinit$$00000015  c_w.l(libinit2.o)
    0x0800024a   0x00000000   Code   RO         9666    .ARM.Collect$$libinit$$00000017  c_w.l(libinit2.o)
    0x0800024a   0x00000000   Code   RO         9668    .ARM.Collect$$libinit$$00000019  c_w.l(libinit2.o)
    0x0800024a   0x00000000   Code   RO         9670    .ARM.Collect$$libinit$$0000001B  c_w.l(libinit2.o)
    0x0800024a   0x00000000   Code   RO         9672    .ARM.Collect$$libinit$$0000001D  c_w.l(libinit2.o)
    0x0800024a   0x00000000   Code   RO         9674    .ARM.Collect$$libinit$$0000001F  c_w.l(libinit2.o)
    0x0800024a   0x00000000   Code   RO         9676    .ARM.Collect$$libinit$$00000021  c_w.l(libinit2.o)
    0x0800024a   0x00000000   Code   RO         9678    .ARM.Collect$$libinit$$00000023  c_w.l(libinit2.o)
    0x0800024a   0x00000000   Code   RO         9680    .ARM.Collect$$libinit$$00000025  c_w.l(libinit2.o)
    0x0800024a   0x00000000   Code   RO         9684    .ARM.Collect$$libinit$$0000002C  c_w.l(libinit2.o)
    0x0800024a   0x00000000   Code   RO         9686    .ARM.Collect$$libinit$$0000002E  c_w.l(libinit2.o)
    0x0800024a   0x00000000   Code   RO         9688    .ARM.Collect$$libinit$$00000030  c_w.l(libinit2.o)
    0x0800024a   0x00000000   Code   RO         9690    .ARM.Collect$$libinit$$00000032  c_w.l(libinit2.o)
    0x0800024a   0x00000002   Code   RO         9691    .ARM.Collect$$libinit$$00000033  c_w.l(libinit2.o)
    0x0800024c   0x00000002   Code   RO         9892    .ARM.Collect$$libshutdown$$00000000  c_w.l(libshutdown.o)
    0x0800024e   0x00000000   Code   RO         9852    .ARM.Collect$$libshutdown$$00000003  c_w.l(libshutdown2.o)
    0x0800024e   0x00000000   Code   RO         9855    .ARM.Collect$$libshutdown$$00000006  c_w.l(libshutdown2.o)
    0x0800024e   0x00000000   Code   RO         9858    .ARM.Collect$$libshutdown$$00000009  c_w.l(libshutdown2.o)
    0x0800024e   0x00000000   Code   RO         9860    .ARM.Collect$$libshutdown$$0000000B  c_w.l(libshutdown2.o)
    0x0800024e   0x00000000   Code   RO         9863    .ARM.Collect$$libshutdown$$0000000E  c_w.l(libshutdown2.o)
    0x0800024e   0x00000002   Code   RO         9864    .ARM.Collect$$libshutdown$$0000000F  c_w.l(libshutdown2.o)
    0x08000250   0x00000000   Code   RO         9607    .ARM.Collect$$rtentry$$00000000  c_w.l(__rtentry.o)
    0x08000250   0x00000000   Code   RO         9763    .ARM.Collect$$rtentry$$00000002  c_w.l(__rtentry2.o)
    0x08000250   0x00000006   Code   RO         9775    .ARM.Collect$$rtentry$$00000004  c_w.l(__rtentry4.o)
    0x08000256   0x00000000   Code   RO         9765    .ARM.Collect$$rtentry$$00000009  c_w.l(__rtentry2.o)
    0x08000256   0x00000004   Code   RO         9766    .ARM.Collect$$rtentry$$0000000A  c_w.l(__rtentry2.o)
    0x0800025a   0x00000000   Code   RO         9768    .ARM.Collect$$rtentry$$0000000C  c_w.l(__rtentry2.o)
    0x0800025a   0x00000008   Code   RO         9769    .ARM.Collect$$rtentry$$0000000D  c_w.l(__rtentry2.o)
    0x08000262   0x00000002   Code   RO         9838    .ARM.Collect$$rtexit$$00000000  c_w.l(rtexit.o)
    0x08000264   0x00000000   Code   RO         9868    .ARM.Collect$$rtexit$$00000002  c_w.l(rtexit2.o)
    0x08000264   0x00000004   Code   RO         9869    .ARM.Collect$$rtexit$$00000003  c_w.l(rtexit2.o)
    0x08000268   0x00000006   Code   RO         9870    .ARM.Collect$$rtexit$$00000004  c_w.l(rtexit2.o)
    0x0800026e   0x00000002   PAD
    0x08000270   0x000000be   Code   RO         6531    .emb_text           port.o
    0x0800032e   0x00000002   PAD
    0x08000330   0x00000000   Code   RO         9786    .emb_text           c_w.l(maybetermalloc1.o)
    0x08000330   0x00000040   Code   RO            4    .text               startup_stm32f407xx.o
    0x08000370   0x000000d8   Code   RO         9232    .text               arm_cortexM4lf_math.lib(arm_cos_f32.o)
    0x08000448   0x000000d8   Code   RO         9279    .text               arm_cortexM4lf_math.lib(arm_sin_f32.o)
    0x08000520   0x00000100   Code   RO         9301    .text               arm_cortexM4lf_math.lib(arm_mat_add_f32.o)
    0x08000620   0x00000008   Code   RO         9321    .text               arm_cortexM4lf_math.lib(arm_mat_init_f32.o)
    0x08000628   0x00000500   Code   RO         9341    .text               arm_cortexM4lf_math.lib(arm_mat_inverse_f32.o)
    0x08000b28   0x000000f8   Code   RO         9361    .text               arm_cortexM4lf_math.lib(arm_mat_mult_f32.o)
    0x08000c20   0x00000100   Code   RO         9381    .text               arm_cortexM4lf_math.lib(arm_mat_sub_f32.o)
    0x08000d20   0x00000098   Code   RO         9401    .text               arm_cortexM4lf_math.lib(arm_mat_trans_f32.o)
    0x08000db8   0x0000005e   Code   RO         9423    .text               c_w.l(h1_alloc.o)
    0x08000e16   0x000000ee   Code   RO         9477    .text               c_w.l(lludivv7m.o)
    0x08000f04   0x0000008a   Code   RO         9481    .text               c_w.l(rt_memcpy_v6.o)
    0x08000f8e   0x00000064   Code   RO         9483    .text               c_w.l(rt_memcpy_w.o)
    0x08000ff2   0x00000010   Code   RO         9487    .text               c_w.l(aeabi_memset.o)
    0x08001002   0x00000044   Code   RO         9489    .text               c_w.l(rt_memclr.o)
    0x08001046   0x0000004e   Code   RO         9491    .text               c_w.l(rt_memclr_w.o)
    0x08001094   0x00000006   Code   RO         9493    .text               c_w.l(heapauxi.o)
    0x0800109a   0x00000002   PAD
    0x0800109c   0x00000008   Code   RO         9615    .text               c_w.l(rt_heap_descriptor_intlibspace.o)
    0x080010a4   0x00000004   Code   RO         9617    .text               c_w.l(hguard.o)
    0x080010a8   0x0000008a   Code   RO         9619    .text               c_w.l(init_alloc.o)
    0x08001132   0x0000000e   Code   RO         9625    .text               c_w.l(h1_init.o)
    0x08001140   0x0000004e   Code   RO         9627    .text               c_w.l(h1_free.o)
    0x0800118e   0x00000016   Code   RO         9643    .text               c_w.l(_rserrno.o)
    0x080011a4   0x00000008   Code   RO         9759    .text               c_w.l(libspace.o)
    0x080011ac   0x00000008   Code   RO         9782    .text               c_w.l(rt_errno_addr_intlibspace.o)
    0x080011b4   0x00000034   Code   RO         9788    .text               c_w.l(h1_extend.o)
    0x080011e8   0x0000000e   Code   RO         9792    .text               c_w.l(defsig_rtmem_outer.o)
    0x080011f6   0x00000002   Code   RO         9807    .text               c_w.l(use_no_semi.o)
    0x080011f8   0x00000000   Code   RO         9809    .text               c_w.l(indicate_semi.o)
    0x080011f8   0x0000004a   Code   RO         9810    .text               c_w.l(sys_stackheap_outer.o)
    0x08001242   0x0000000c   Code   RO         9816    .text               c_w.l(exit.o)
    0x0800124e   0x0000000a   Code   RO         9818    .text               c_w.l(defsig_exit.o)
    0x08001258   0x00000050   Code   RO         9824    .text               c_w.l(defsig_rtmem_inner.o)
    0x080012a8   0x0000000c   Code   RO         9836    .text               c_w.l(sys_exit.o)
    0x080012b4   0x00000032   Code   RO         9846    .text               c_w.l(defsig_general.o)
    0x080012e6   0x0000000e   Code   RO         9865    .text               c_w.l(sys_wrch.o)
    0x080012f4   0x00000084   Code   RO         7759    i.ActionUpdate      actiontask.o
    0x08001378   0x0000001c   Code   RO         7760    i.Action_Update_task  actiontask.o
    0x08001394   0x00000010   Code   RO         8498    i.BMI088_ACCEL_NS_H  bmi088middleware.o
    0x080013a4   0x00000010   Code   RO         8499    i.BMI088_ACCEL_NS_L  bmi088middleware.o
    0x080013b4   0x00000010   Code   RO         8501    i.BMI088_GYRO_NS_H  bmi088middleware.o
    0x080013c4   0x00000010   Code   RO         8502    i.BMI088_GYRO_NS_L  bmi088middleware.o
    0x080013d4   0x000001ac   Code   RO         8423    i.BMI088_Read       bmi088driver.o
    0x08001580   0x00000080   Code   RO         8424    i.BMI088_init       bmi088driver.o
    0x08001600   0x00000024   Code   RO         8425    i.BMI088_read_muli_reg  bmi088driver.o
    0x08001624   0x00000016   Code   RO         8426    i.BMI088_read_single_reg  bmi088driver.o
    0x0800163a   0x00000002   PAD
    0x0800163c   0x00000020   Code   RO         8506    i.BMI088_read_write_byte  bmi088middleware.o
    0x0800165c   0x00000012   Code   RO         8427    i.BMI088_write_single_reg  bmi088driver.o
    0x0800166e   0x00000002   PAD
    0x08001670   0x00000078   Code   RO           13    i.BSP_Init          main.o
    0x080016e8   0x00000084   Code   RO         7796    i.Block_Check       shoottask.o
    0x0800176c   0x00000080   Code   RO         6650    i.BodanCan1Send     bsp_can.o
    0x080017ec   0x00000044   Code   RO         7797    i.BodanMotor_Loop_Calc  shoottask.o
    0x08001830   0x000000ea   Code   RO         7311    i.BodyFrameToEarthFrame  ins_task.o
    0x0800191a   0x00000002   Code   RO          742    i.BusFault_Handler  stm32f4xx_it.o
    0x0800191c   0x0000000c   Code   RO          743    i.CAN1_RX0_IRQHandler  stm32f4xx_it.o
    0x08001928   0x0000000c   Code   RO          744    i.CAN1_RX1_IRQHandler  stm32f4xx_it.o
    0x08001934   0x0000000c   Code   RO          745    i.CAN1_TX_IRQHandler  stm32f4xx_it.o
    0x08001940   0x0000000c   Code   RO          746    i.CAN2_RX0_IRQHandler  stm32f4xx_it.o
    0x0800194c   0x0000000c   Code   RO          747    i.CAN2_RX1_IRQHandler  stm32f4xx_it.o
    0x08001958   0x0000000c   Code   RO          748    i.CAN2_TX_IRQHandler  stm32f4xx_it.o
    0x08001964   0x00000004   Code   RO          959    i.CDC_Control_FS    usbd_cdc_if.o
    0x08001968   0x00000004   Code   RO          960    i.CDC_DeInit_FS     usbd_cdc_if.o
    0x0800196c   0x00000024   Code   RO          961    i.CDC_Init_FS       usbd_cdc_if.o
    0x08001990   0x00000030   Code   RO          962    i.CDC_Receive_FS    usbd_cdc_if.o
    0x080019c0   0x00000004   Code   RO          963    i.CDC_TransmitCplt_FS  usbd_cdc_if.o
    0x080019c4   0x0000002c   Code   RO          964    i.CDC_Transmit_FS   usbd_cdc_if.o
    0x080019f0   0x00000404   Code   RO         8428    i.Calibrate_MPU_Offset  bmi088driver.o
    0x08001df4   0x0000006c   Code   RO         7991    i.ChassisPostionAngle_TranSform  chassistask.o
    0x08001e60   0x00000188   Code   RO         7992    i.Chassis_Act_Cal   chassistask.o
    0x08001fe8   0x00000052   Code   RO         8063    i.Chassis_Axis_Trans  chassistask.o
    0x0800203a   0x00000002   PAD
    0x0800203c   0x00000174   Code   RO         7993    i.Chassis_MouseKey_Cal  chassistask.o
    0x080021b0   0x0000004c   Code   RO         7994    i.Chassis_Powerdown_Cal  chassistask.o
    0x080021fc   0x00000080   Code   RO         7995    i.Chassis_Speed_Calc  chassistask.o
    0x0800227c   0x0000003c   Code   RO         7996    i.Chassis_task      chassistask.o
    0x080022b8   0x00000028   Code   RO         1843    i.DMA_CalcBaseAndBitshift  stm32f4xx_hal_dma.o
    0x080022e0   0x00000054   Code   RO         1844    i.DMA_CheckFifoParam  stm32f4xx_hal_dma.o
    0x08002334   0x00000028   Code   RO         6987    i.DWT_CNT_Update    bsp_dwt.o
    0x0800235c   0x00000034   Code   RO         6988    i.DWT_Delay         bsp_dwt.o
    0x08002390   0x00000044   Code   RO         6989    i.DWT_GetDeltaT     bsp_dwt.o
    0x080023d4   0x00000044   Code   RO         6992    i.DWT_GetTimeline_s  bsp_dwt.o
    0x08002418   0x00000048   Code   RO         6994    i.DWT_Init          bsp_dwt.o
    0x08002460   0x00000098   Code   RO         6995    i.DWT_SysTimeUpdate  bsp_dwt.o
    0x080024f8   0x00000002   Code   RO          749    i.DebugMon_Handler  stm32f4xx_it.o
    0x080024fa   0x00000006   Code   RO          750    i.EXTI0_IRQHandler  stm32f4xx_it.o
    0x08002500   0x00000006   Code   RO          751    i.EXTI3_IRQHandler  stm32f4xx_it.o
    0x08002506   0x00000006   Code   RO          752    i.EXTI4_IRQHandler  stm32f4xx_it.o
    0x0800250c   0x00000006   Code   RO          753    i.EXTI9_5_IRQHandler  stm32f4xx_it.o
    0x08002512   0x000000ea   Code   RO         7312    i.EarthFrameToBodyFrame  ins_task.o
    0x080025fc   0x00000004   Code   RO           14    i.Error_Handler     main.o
    0x08002600   0x00000074   Code   RO         8216    i.FeedForward_Calc  pid.o
    0x08002674   0x000000c8   Code   RO         6651    i.FrictionCan1Send  bsp_can.o
    0x0800273c   0x00000030   Code   RO         7798    i.FrictionSpeedChoose  shoottask.o
    0x0800276c   0x00000098   Code   RO         7799    i.FrictionWheel_Set  shoottask.o
    0x08002804   0x00000044   Code   RO         7682    i.Gimbal_Act        gimbal_task.o
    0x08002848   0x0000007c   Code   RO         7683    i.Gimbal_Pose_Loop_Act  gimbal_task.o
    0x080028c4   0x00000030   Code   RO         7684    i.Gimbal_Powerdown_Act  gimbal_task.o
    0x080028f4   0x00000054   Code   RO         7685    i.Gimbal_task       gimbal_task.o
    0x08002948   0x00000024   Code   RO         1151    i.HAL_CAN_ActivateNotification  stm32f4xx_hal_can.o
    0x0800296c   0x000000c8   Code   RO         1152    i.HAL_CAN_AddTxMessage  stm32f4xx_hal_can.o
    0x08002a34   0x0000010c   Code   RO         1153    i.HAL_CAN_ConfigFilter  stm32f4xx_hal_can.o
    0x08002b40   0x00000002   Code   RO         1156    i.HAL_CAN_ErrorCallback  stm32f4xx_hal_can.o
    0x08002b42   0x000000e8   Code   RO         1159    i.HAL_CAN_GetRxMessage  stm32f4xx_hal_can.o
    0x08002c2a   0x000001fc   Code   RO         1163    i.HAL_CAN_IRQHandler  stm32f4xx_hal_can.o
    0x08002e26   0x0000011a   Code   RO         1164    i.HAL_CAN_Init      stm32f4xx_hal_can.o
    0x08002f40   0x00000138   Code   RO          471    i.HAL_CAN_MspInit   can.o
    0x08003078   0x00000002   Code   RO         1171    i.HAL_CAN_RxFifo0FullCallback  stm32f4xx_hal_can.o
    0x0800307a   0x00000002   PAD
    0x0800307c   0x0000014c   Code   RO         6652    i.HAL_CAN_RxFifo0MsgPendingCallback  bsp_can.o
    0x080031c8   0x00000002   Code   RO         1173    i.HAL_CAN_RxFifo1FullCallback  stm32f4xx_hal_can.o
    0x080031ca   0x00000002   PAD
    0x080031cc   0x0000006c   Code   RO         6653    i.HAL_CAN_RxFifo1MsgPendingCallback  bsp_can.o
    0x08003238   0x00000002   Code   RO         1175    i.HAL_CAN_SleepCallback  stm32f4xx_hal_can.o
    0x0800323a   0x00000056   Code   RO         1176    i.HAL_CAN_Start     stm32f4xx_hal_can.o
    0x08003290   0x00000002   Code   RO         1178    i.HAL_CAN_TxMailbox0AbortCallback  stm32f4xx_hal_can.o
    0x08003292   0x00000002   Code   RO         1179    i.HAL_CAN_TxMailbox0CompleteCallback  stm32f4xx_hal_can.o
    0x08003294   0x00000002   Code   RO         1180    i.HAL_CAN_TxMailbox1AbortCallback  stm32f4xx_hal_can.o
    0x08003296   0x00000002   Code   RO         1181    i.HAL_CAN_TxMailbox1CompleteCallback  stm32f4xx_hal_can.o
    0x08003298   0x00000002   Code   RO         1182    i.HAL_CAN_TxMailbox2AbortCallback  stm32f4xx_hal_can.o
    0x0800329a   0x00000002   Code   RO         1183    i.HAL_CAN_TxMailbox2CompleteCallback  stm32f4xx_hal_can.o
    0x0800329c   0x00000002   Code   RO         1185    i.HAL_CAN_WakeUpFromRxMsgCallback  stm32f4xx_hal_can.o
    0x0800329e   0x00000002   PAD
    0x080032a0   0x000000d4   Code   RO         1852    i.HAL_DMA_Init      stm32f4xx_hal_dma.o
    0x08003374   0x00000024   Code   RO         2265    i.HAL_Delay         stm32f4xx_hal.o
    0x08003398   0x00000002   Code   RO         1737    i.HAL_GPIO_EXTI_Callback  stm32f4xx_hal_gpio.o
    0x0800339a   0x00000002   PAD
    0x0800339c   0x00000018   Code   RO         1738    i.HAL_GPIO_EXTI_IRQHandler  stm32f4xx_hal_gpio.o
    0x080033b4   0x000001c0   Code   RO         1739    i.HAL_GPIO_Init     stm32f4xx_hal_gpio.o
    0x08003574   0x0000000a   Code   RO         1743    i.HAL_GPIO_WritePin  stm32f4xx_hal_gpio.o
    0x0800357e   0x00000002   PAD
    0x08003580   0x0000000c   Code   RO         2271    i.HAL_GetTick       stm32f4xx_hal.o
    0x0800358c   0x00000174   Code   RO         2524    i.HAL_I2C_Init      stm32f4xx_hal_i2c.o
    0x08003700   0x0000008c   Code   RO          551    i.HAL_I2C_MspInit   i2c.o
    0x0800378c   0x00000010   Code   RO         2277    i.HAL_IncTick       stm32f4xx_hal.o
    0x0800379c   0x00000034   Code   RO         2278    i.HAL_Init          stm32f4xx_hal.o
    0x080037d0   0x00000040   Code   RO         2279    i.HAL_InitTick      stm32f4xx_hal.o
    0x08003810   0x00000038   Code   RO          876    i.HAL_MspInit       stm32f4xx_hal_msp.o
    0x08003848   0x0000001a   Code   RO         2128    i.HAL_NVIC_EnableIRQ  stm32f4xx_hal_cortex.o
    0x08003862   0x00000002   PAD
    0x08003864   0x00000040   Code   RO         2134    i.HAL_NVIC_SetPriority  stm32f4xx_hal_cortex.o
    0x080038a4   0x00000024   Code   RO         2135    i.HAL_NVIC_SetPriorityGrouping  stm32f4xx_hal_cortex.o
    0x080038c8   0x00000002   Code   RO         4768    i.HAL_PCDEx_LPM_Callback  stm32f4xx_hal_pcd_ex.o
    0x080038ca   0x00000008   Code   RO         4769    i.HAL_PCDEx_SetRxFiFo  stm32f4xx_hal_pcd_ex.o
    0x080038d2   0x00000044   Code   RO         4770    i.HAL_PCDEx_SetTxFiFo  stm32f4xx_hal_pcd_ex.o
    0x08003916   0x00000008   Code   RO         7104    i.HAL_PCD_ConnectCallback  usbd_conf.o
    0x0800391e   0x00000012   Code   RO         7105    i.HAL_PCD_DataInStageCallback  usbd_conf.o
    0x08003930   0x00000014   Code   RO         7106    i.HAL_PCD_DataOutStageCallback  usbd_conf.o
    0x08003944   0x00000008   Code   RO         7107    i.HAL_PCD_DisconnectCallback  usbd_conf.o
    0x0800394c   0x0000001e   Code   RO         4538    i.HAL_PCD_EP_Abort  stm32f4xx_hal_pcd.o
    0x0800396a   0x0000004c   Code   RO         4539    i.HAL_PCD_EP_Close  stm32f4xx_hal_pcd.o
    0x080039b6   0x0000005c   Code   RO         4540    i.HAL_PCD_EP_ClrStall  stm32f4xx_hal_pcd.o
    0x08003a12   0x00000012   Code   RO         4542    i.HAL_PCD_EP_GetRxCount  stm32f4xx_hal_pcd.o
    0x08003a24   0x00000060   Code   RO         4543    i.HAL_PCD_EP_Open   stm32f4xx_hal_pcd.o
    0x08003a84   0x00000048   Code   RO         4544    i.HAL_PCD_EP_Receive  stm32f4xx_hal_pcd.o
    0x08003acc   0x00000074   Code   RO         4545    i.HAL_PCD_EP_SetStall  stm32f4xx_hal_pcd.o
    0x08003b40   0x00000040   Code   RO         4546    i.HAL_PCD_EP_Transmit  stm32f4xx_hal_pcd.o
    0x08003b80   0x00000550   Code   RO         4548    i.HAL_PCD_IRQHandler  stm32f4xx_hal_pcd.o
    0x080040d0   0x00000008   Code   RO         7108    i.HAL_PCD_ISOINIncompleteCallback  usbd_conf.o
    0x080040d8   0x00000008   Code   RO         7109    i.HAL_PCD_ISOOUTIncompleteCallback  usbd_conf.o
    0x080040e0   0x000000e2   Code   RO         4551    i.HAL_PCD_Init      stm32f4xx_hal_pcd.o
    0x080041c2   0x00000002   PAD
    0x080041c4   0x00000084   Code   RO         7111    i.HAL_PCD_MspInit   usbd_conf.o
    0x08004248   0x0000002c   Code   RO         7112    i.HAL_PCD_ResetCallback  usbd_conf.o
    0x08004274   0x00000008   Code   RO         7113    i.HAL_PCD_ResumeCallback  usbd_conf.o
    0x0800427c   0x00000008   Code   RO         7114    i.HAL_PCD_SOFCallback  usbd_conf.o
    0x08004284   0x00000028   Code   RO         4557    i.HAL_PCD_SetAddress  stm32f4xx_hal_pcd.o
    0x080042ac   0x0000000e   Code   RO         7115    i.HAL_PCD_SetupStageCallback  usbd_conf.o
    0x080042ba   0x00000042   Code   RO         4560    i.HAL_PCD_Start     stm32f4xx_hal_pcd.o
    0x080042fc   0x00000030   Code   RO         7116    i.HAL_PCD_SuspendCallback  usbd_conf.o
    0x0800432c   0x00000130   Code   RO         1385    i.HAL_RCC_ClockConfig  stm32f4xx_hal_rcc.o
    0x0800445c   0x0000000c   Code   RO         1390    i.HAL_RCC_GetHCLKFreq  stm32f4xx_hal_rcc.o
    0x08004468   0x00000020   Code   RO         1392    i.HAL_RCC_GetPCLK1Freq  stm32f4xx_hal_rcc.o
    0x08004488   0x00000020   Code   RO         1393    i.HAL_RCC_GetPCLK2Freq  stm32f4xx_hal_rcc.o
    0x080044a8   0x00000064   Code   RO         1394    i.HAL_RCC_GetSysClockFreq  stm32f4xx_hal_rcc.o
    0x0800450c   0x00000314   Code   RO         1397    i.HAL_RCC_OscConfig  stm32f4xx_hal_rcc.o
    0x08004820   0x00000080   Code   RO         2964    i.HAL_SPI_Init      stm32f4xx_hal_spi.o
    0x080048a0   0x000000fc   Code   RO          593    i.HAL_SPI_MspInit   spi.o
    0x0800499c   0x000001da   Code   RO         2973    i.HAL_SPI_TransmitReceive  stm32f4xx_hal_spi.o
    0x08004b76   0x00000028   Code   RO         2139    i.HAL_SYSTICK_Config  stm32f4xx_hal_cortex.o
    0x08004b9e   0x00000042   Code   RO         3970    i.HAL_TIMEx_MasterConfigSynchronization  stm32f4xx_hal_tim_ex.o
    0x08004be0   0x00000036   Code   RO         3277    i.HAL_TIM_Base_Init  stm32f4xx_hal_tim.o
    0x08004c16   0x00000002   PAD
    0x08004c18   0x00000074   Code   RO          635    i.HAL_TIM_Base_MspInit  tim.o
    0x08004c8c   0x00000024   Code   RO         3280    i.HAL_TIM_Base_Start  stm32f4xx_hal_tim.o
    0x08004cb0   0x000000d6   Code   RO         3286    i.HAL_TIM_ConfigClockSource  stm32f4xx_hal_tim.o
    0x08004d86   0x00000002   PAD
    0x08004d88   0x000000e8   Code   RO          636    i.HAL_TIM_MspPostInit  tim.o
    0x08004e70   0x000000d0   Code   RO         3344    i.HAL_TIM_PWM_ConfigChannel  stm32f4xx_hal_tim.o
    0x08004f40   0x00000036   Code   RO         3347    i.HAL_TIM_PWM_Init  stm32f4xx_hal_tim.o
    0x08004f76   0x00000002   Code   RO         3349    i.HAL_TIM_PWM_MspInit  stm32f4xx_hal_tim.o
    0x08004f78   0x00000044   Code   RO         3352    i.HAL_TIM_PWM_Start  stm32f4xx_hal_tim.o
    0x08004fbc   0x00000062   Code   RO         4228    i.HAL_UART_Init     stm32f4xx_hal_uart.o
    0x0800501e   0x00000002   PAD
    0x08005020   0x000000b4   Code   RO          701    i.HAL_UART_MspInit  usart.o
    0x080050d4   0x000000fc   Code   RO         8687    i.H_K_R_Adjustment  kalman_filter.o
    0x080051d0   0x00000002   Code   RO          754    i.HardFault_Handler  stm32f4xx_it.o
    0x080051d2   0x00000002   PAD
    0x080051d4   0x00000098   Code   RO         7800    i.HeatControl       shoottask.o
    0x0800526c   0x00000234   Code   RO         7314    i.IMU_Param_Correction  ins_task.o
    0x080054a0   0x00000158   Code   RO         8767    i.IMU_QuaternionEKF_F_Linearization_P_Fading  quaternionekf.o
    0x080055f8   0x00000168   Code   RO         8768    i.IMU_QuaternionEKF_Init  quaternionekf.o
    0x08005760   0x00000034   Code   RO         8769    i.IMU_QuaternionEKF_Observe  quaternionekf.o
    0x08005794   0x000000c4   Code   RO         8770    i.IMU_QuaternionEKF_SetH  quaternionekf.o
    0x08005858   0x000003e0   Code   RO         8771    i.IMU_QuaternionEKF_Update  quaternionekf.o
    0x08005c38   0x000003b4   Code   RO         8772    i.IMU_QuaternionEKF_xhatUpdate  quaternionekf.o
    0x08005fec   0x00000060   Code   RO         7315    i.IMU_Temperature_Ctrl  ins_task.o
    0x0800604c   0x000000c0   Code   RO         7316    i.INS_Init          ins_task.o
    0x0800610c   0x0000024c   Code   RO         7317    i.INS_Task_EKF      ins_task.o
    0x08006358   0x000000c0   Code   RO         7319    i.INS_task          ins_task.o
    0x08006418   0x00000036   Code   RO         1016    i.IntToUnicode      usbd_desc.o
    0x0800644e   0x00000002   PAD
    0x08006450   0x000003e8   Code   RO         8688    i.Kalman_Filter_Init  kalman_filter.o
    0x08006838   0x00000048   Code   RO         8689    i.Kalman_Filter_Measure  kalman_filter.o
    0x08006880   0x0000006a   Code   RO         8690    i.Kalman_Filter_P_Update  kalman_filter.o
    0x080068ea   0x0000006c   Code   RO         8691    i.Kalman_Filter_PminusUpdate  kalman_filter.o
    0x08006956   0x000000cc   Code   RO         8692    i.Kalman_Filter_SetK  kalman_filter.o
    0x08006a22   0x00000002   PAD
    0x08006a24   0x000000e8   Code   RO         8693    i.Kalman_Filter_Update  kalman_filter.o
    0x08006b0c   0x00000074   Code   RO         8694    i.Kalman_Filter_xhatMinusUpdate  kalman_filter.o
    0x08006b80   0x00000084   Code   RO         8695    i.Kalman_Filter_xhatUpdate  kalman_filter.o
    0x08006c04   0x00000044   Code   RO          472    i.MX_CAN1_Init      can.o
    0x08006c48   0x00000044   Code   RO          473    i.MX_CAN2_Init      can.o
    0x08006c8c   0x0000005c   Code   RO          519    i.MX_DMA_Init       dma.o
    0x08006ce8   0x00000094   Code   RO          405    i.MX_FREERTOS_Init  freertos.o
    0x08006d7c   0x00000288   Code   RO          381    i.MX_GPIO_Init      gpio.o
    0x08007004   0x00000040   Code   RO          552    i.MX_I2C3_Init      i2c.o
    0x08007044   0x00000048   Code   RO          594    i.MX_SPI1_Init      spi.o
    0x0800708c   0x00000064   Code   RO          637    i.MX_TIM10_Init     tim.o
    0x080070f0   0x00000064   Code   RO          638    i.MX_TIM2_Init      tim.o
    0x08007154   0x00000098   Code   RO          639    i.MX_TIM4_Init      tim.o
    0x080071ec   0x000000b8   Code   RO          640    i.MX_TIM5_Init      tim.o
    0x080072a4   0x0000003c   Code   RO          702    i.MX_USART3_UART_Init  usart.o
    0x080072e0   0x00000054   Code   RO          921    i.MX_USB_DEVICE_Init  usb_device.o
    0x08007334   0x00000002   Code   RO          755    i.MemManage_Handler  stm32f4xx_it.o
    0x08007336   0x00000002   Code   RO          756    i.NMI_Handler       stm32f4xx_it.o
    0x08007338   0x000001f4   Code   RO         8078    i.OLS_Derivative    user_lib.o
    0x0800752c   0x00000042   Code   RO         8079    i.OLS_Init          user_lib.o
    0x0800756e   0x00000002   PAD
    0x08007570   0x0000000c   Code   RO          757    i.OTG_FS_IRQHandler  stm32f4xx_it.o
    0x0800757c   0x000000cc   Code   RO         4564    i.PCD_EP_OutXfrComplete_int  stm32f4xx_hal_pcd.o
    0x08007648   0x00000098   Code   RO         4565    i.PCD_WriteEmptyTxFifo  stm32f4xx_hal_pcd.o
    0x080076e0   0x0000009c   Code   RO         1102    i.PCReceive         pc_serial.o
    0x0800777c   0x00000120   Code   RO         8218    i.PID_Calc          pid.o
    0x0800789c   0x00000454   Code   RO         8369    i.PID_Calculate     controller.o
    0x08007cf0   0x0000006e   Code   RO         8370    i.PID_Init          controller.o
    0x08007d5e   0x00000002   PAD
    0x08007d60   0x00000114   Code   RO         7686    i.PidGimbalMotor_Init  gimbal_task.o
    0x08007e74   0x00000088   Code   RO         7801    i.Pid_BodanMotor_Init  shoottask.o
    0x08007efc   0x00000054   Code   RO         7997    i.Pid_ChassisPosition_Init  chassistask.o
    0x08007f50   0x0000006c   Code   RO         7802    i.Pid_Friction_Init  shoottask.o
    0x08007fbc   0x00000080   Code   RO         6654    i.PitchCan1Send     bsp_can.o
    0x0800803c   0x0000011c   Code   RO         7687    i.Pitch_Current_Calc  gimbal_task.o
    0x08008158   0x0000004c   Code   RO         7803    i.Pluck_Speed_Choose  shoottask.o
    0x080081a4   0x00000048   Code   RO         7615    i.RCReceive_task    datareceivetask.o
    0x080081ec   0x00000034   Code   RO         7616    i.RC_Ctl_t_Init     datareceivetask.o
    0x08008220   0x00000060   Code   RO         7064    i.RC_Init           bsp_rc.o
    0x08008280   0x00000060   Code   RO           15    i.Robot_Init        main.o
    0x080082e0   0x00000058   Code   RO         3002    i.SPI_EndRxTxTransaction  stm32f4xx_hal_spi.o
    0x08008338   0x00000094   Code   RO         3007    i.SPI_WaitFlagStateUntilTimeout  stm32f4xx_hal_spi.o
    0x080083cc   0x0000000a   Code   RO         9100    i.SWAPBYTE          usbd_ctlreq.o
    0x080083d6   0x00000002   PAD
    0x080083d8   0x00000018   Code   RO         1103    i.SendtoPC          pc_serial.o
    0x080083f0   0x00000058   Code   RO         1104    i.SendtoPCPack      pc_serial.o
    0x08008448   0x0000006c   Code   RO           16    i.Sentry_Init       main.o
    0x080084b4   0x00000094   Code   RO         7804    i.ShootCount_Cal    shoottask.o
    0x08008548   0x00000134   Code   RO         7805    i.Shoot_PC_Act      shoottask.o
    0x0800867c   0x0000006c   Code   RO         7806    i.Shoot_Pos_Loop_Calc  shoottask.o
    0x080086e8   0x000000a8   Code   RO         7809    i.Shoot_RC_Postion_Act  shoottask.o
    0x08008790   0x00000064   Code   RO         7810    i.Shoot_Speed_Loop_Calc  shoottask.o
    0x080087f4   0x00000030   Code   RO         7811    i.Shoot_init        shoottask.o
    0x08008824   0x00000074   Code   RO         7812    i.Shoot_task_       shoottask.o
    0x08008898   0x00000018   Code   RO          758    i.SysTick_Handler   stm32f4xx_it.o
    0x080088b0   0x00000094   Code   RO           17    i.SystemClock_Config  main.o
    0x08008944   0x00000054   Code   RO         5115    i.SystemInit        system_stm32f4xx.o
    0x08008998   0x00000020   Code   RO         8325    i.TD_Clear          td.o
    0x080089b8   0x00000028   Code   RO         8326    i.TD_Init           td.o
    0x080089e0   0x000000c8   Code   RO         3365    i.TIM_Base_SetConfig  stm32f4xx_hal_tim.o
    0x08008aa8   0x0000001a   Code   RO         3366    i.TIM_CCxChannelCmd  stm32f4xx_hal_tim.o
    0x08008ac2   0x00000014   Code   RO         3376    i.TIM_ETR_SetConfig  stm32f4xx_hal_tim.o
    0x08008ad6   0x00000010   Code   RO         3377    i.TIM_ITRx_SetConfig  stm32f4xx_hal_tim.o
    0x08008ae6   0x00000002   PAD
    0x08008ae8   0x00000060   Code   RO         3378    i.TIM_OC1_SetConfig  stm32f4xx_hal_tim.o
    0x08008b48   0x0000006c   Code   RO         3379    i.TIM_OC2_SetConfig  stm32f4xx_hal_tim.o
    0x08008bb4   0x00000068   Code   RO         3380    i.TIM_OC3_SetConfig  stm32f4xx_hal_tim.o
    0x08008c1c   0x00000050   Code   RO         3381    i.TIM_OC4_SetConfig  stm32f4xx_hal_tim.o
    0x08008c6c   0x0000002a   Code   RO         6611    i.TIM_Set_PWM       bsp_pwm.o
    0x08008c96   0x00000022   Code   RO         3383    i.TIM_TI1_ConfigInputStage  stm32f4xx_hal_tim.o
    0x08008cb8   0x00000024   Code   RO         3385    i.TIM_TI2_ConfigInputStage  stm32f4xx_hal_tim.o
    0x08008cdc   0x000002ac   Code   RO         4254    i.UART_SetConfig    stm32f4xx_hal_uart.o
    0x08008f88   0x000000a4   Code   RO         7617    i.USART3_IRQHandler  datareceivetask.o
    0x0800902c   0x00000076   Code   RO         8835    i.USBD_CDC_DataIn   usbd_cdc.o
    0x080090a2   0x0000003c   Code   RO         8836    i.USBD_CDC_DataOut  usbd_cdc.o
    0x080090de   0x00000002   PAD
    0x080090e0   0x00000090   Code   RO         8837    i.USBD_CDC_DeInit   usbd_cdc.o
    0x08009170   0x00000036   Code   RO         8838    i.USBD_CDC_EP0_RxReady  usbd_cdc.o
    0x080091a6   0x00000002   PAD
    0x080091a8   0x0000000c   Code   RO         8839    i.USBD_CDC_GetDeviceQualifierDescriptor  usbd_cdc.o
    0x080091b4   0x0000003c   Code   RO         8840    i.USBD_CDC_GetFSCfgDesc  usbd_cdc.o
    0x080091f0   0x00000040   Code   RO         8841    i.USBD_CDC_GetHSCfgDesc  usbd_cdc.o
    0x08009230   0x0000003c   Code   RO         8842    i.USBD_CDC_GetOtherSpeedCfgDesc  usbd_cdc.o
    0x0800926c   0x00000118   Code   RO         8843    i.USBD_CDC_Init     usbd_cdc.o
    0x08009384   0x00000038   Code   RO         8844    i.USBD_CDC_ReceivePacket  usbd_cdc.o
    0x080093bc   0x00000016   Code   RO         8845    i.USBD_CDC_RegisterInterface  usbd_cdc.o
    0x080093d2   0x0000001a   Code   RO         8846    i.USBD_CDC_SetRxBuffer  usbd_cdc.o
    0x080093ec   0x0000001e   Code   RO         8847    i.USBD_CDC_SetTxBuffer  usbd_cdc.o
    0x0800940a   0x000000d4   Code   RO         8848    i.USBD_CDC_Setup    usbd_cdc.o
    0x080094de   0x00000002   PAD
    0x080094e0   0x00000050   Code   RO         8849    i.USBD_CDC_TransmitPacket  usbd_cdc.o
    0x08009530   0x00000014   Code   RO         8941    i.USBD_ClrClassConfig  usbd_core.o
    0x08009544   0x00000004   Code   RO         8942    i.USBD_CoreFindEP   usbd_core.o
    0x08009548   0x00000004   Code   RO         8943    i.USBD_CoreFindIF   usbd_core.o
    0x0800954c   0x00000010   Code   RO         9173    i.USBD_CtlContinueRx  usbd_ioreq.o
    0x0800955c   0x00000010   Code   RO         9174    i.USBD_CtlContinueSendData  usbd_ioreq.o
    0x0800956c   0x00000016   Code   RO         9101    i.USBD_CtlError     usbd_ctlreq.o
    0x08009582   0x0000001e   Code   RO         9175    i.USBD_CtlPrepareRx  usbd_ioreq.o
    0x080095a0   0x00000016   Code   RO         9176    i.USBD_CtlReceiveStatus  usbd_ioreq.o
    0x080095b6   0x0000001a   Code   RO         9177    i.USBD_CtlSendData  usbd_ioreq.o
    0x080095d0   0x00000016   Code   RO         9178    i.USBD_CtlSendStatus  usbd_ioreq.o
    0x080095e6   0x00000002   PAD
    0x080095e8   0x00000020   Code   RO         1017    i.USBD_FS_ConfigStrDescriptor  usbd_desc.o
    0x08009608   0x0000000c   Code   RO         1018    i.USBD_FS_DeviceDescriptor  usbd_desc.o
    0x08009614   0x00000024   Code   RO         1019    i.USBD_FS_InterfaceStrDescriptor  usbd_desc.o
    0x08009638   0x0000000c   Code   RO         1020    i.USBD_FS_LangIDStrDescriptor  usbd_desc.o
    0x08009644   0x00000028   Code   RO         1021    i.USBD_FS_ManufacturerStrDescriptor  usbd_desc.o
    0x0800966c   0x0000002c   Code   RO         1022    i.USBD_FS_ProductStrDescriptor  usbd_desc.o
    0x08009698   0x00000038   Code   RO         1023    i.USBD_FS_SerialStrDescriptor  usbd_desc.o
    0x080096d0   0x000000e6   Code   RO         9102    i.USBD_GetDescriptor  usbd_ctlreq.o
    0x080097b6   0x0000003a   Code   RO         8945    i.USBD_GetEpDesc    usbd_core.o
    0x080097f0   0x0000000e   Code   RO         8946    i.USBD_GetNextDesc  usbd_core.o
    0x080097fe   0x00000048   Code   RO         9103    i.USBD_GetString    usbd_ctlreq.o
    0x08009846   0x00000018   Code   RO         7117    i.USBD_Get_USB_Status  usbd_conf.o
    0x0800985e   0x00000026   Code   RO         8947    i.USBD_Init         usbd_core.o
    0x08009884   0x00000012   Code   RO         7118    i.USBD_LL_ClearStallEP  usbd_conf.o
    0x08009896   0x00000012   Code   RO         7119    i.USBD_LL_CloseEP   usbd_conf.o
    0x080098a8   0x000000b2   Code   RO         8948    i.USBD_LL_DataInStage  usbd_core.o
    0x0800995a   0x00000096   Code   RO         8949    i.USBD_LL_DataOutStage  usbd_core.o
    0x080099f0   0x00000004   Code   RO         8950    i.USBD_LL_DevConnected  usbd_core.o
    0x080099f4   0x0000001e   Code   RO         8951    i.USBD_LL_DevDisconnected  usbd_core.o
    0x08009a12   0x00000008   Code   RO         7123    i.USBD_LL_GetRxDataSize  usbd_conf.o
    0x08009a1a   0x00000002   PAD
    0x08009a1c   0x00000060   Code   RO         7124    i.USBD_LL_Init      usbd_conf.o
    0x08009a7c   0x00000020   Code   RO         7125    i.USBD_LL_IsStallEP  usbd_conf.o
    0x08009a9c   0x00000028   Code   RO         8952    i.USBD_LL_IsoINIncomplete  usbd_core.o
    0x08009ac4   0x00000028   Code   RO         8953    i.USBD_LL_IsoOUTIncomplete  usbd_core.o
    0x08009aec   0x00000018   Code   RO         7126    i.USBD_LL_OpenEP    usbd_conf.o
    0x08009b04   0x00000012   Code   RO         7127    i.USBD_LL_PrepareReceive  usbd_conf.o
    0x08009b16   0x0000005c   Code   RO         8954    i.USBD_LL_Reset     usbd_core.o
    0x08009b72   0x00000014   Code   RO         8955    i.USBD_LL_Resume    usbd_core.o
    0x08009b86   0x0000001a   Code   RO         8956    i.USBD_LL_SOF       usbd_core.o
    0x08009ba0   0x00000006   Code   RO         8957    i.USBD_LL_SetSpeed  usbd_core.o
    0x08009ba6   0x00000012   Code   RO         7128    i.USBD_LL_SetUSBAddress  usbd_conf.o
    0x08009bb8   0x00000060   Code   RO         8958    i.USBD_LL_SetupStage  usbd_core.o
    0x08009c18   0x00000012   Code   RO         7129    i.USBD_LL_StallEP   usbd_conf.o
    0x08009c2a   0x00000012   Code   RO         7130    i.USBD_LL_Start     usbd_conf.o
    0x08009c3c   0x00000012   Code   RO         8959    i.USBD_LL_Suspend   usbd_core.o
    0x08009c4e   0x00000012   Code   RO         7132    i.USBD_LL_Transmit  usbd_conf.o
    0x08009c60   0x00000030   Code   RO         9104    i.USBD_ParseSetupRequest  usbd_ctlreq.o
    0x08009c90   0x0000003a   Code   RO         8960    i.USBD_RegisterClass  usbd_core.o
    0x08009cca   0x00000014   Code   RO         8962    i.USBD_SetClassConfig  usbd_core.o
    0x08009cde   0x00000002   PAD
    0x08009ce0   0x000000b8   Code   RO         9105    i.USBD_SetConfig    usbd_ctlreq.o
    0x08009d98   0x00000004   Code   RO         8963    i.USBD_Start        usbd_core.o
    0x08009d9c   0x0000012c   Code   RO         9106    i.USBD_StdDevReq    usbd_ctlreq.o
    0x08009ec8   0x00000160   Code   RO         9107    i.USBD_StdEPReq     usbd_ctlreq.o
    0x0800a028   0x00000072   Code   RO         9108    i.USBD_StdItfReq    usbd_ctlreq.o
    0x0800a09a   0x00000002   Code   RO         7133    i.USBD_static_free  usbd_conf.o
    0x0800a09c   0x00000008   Code   RO         7134    i.USBD_static_malloc  usbd_conf.o
    0x0800a0a4   0x00000080   Code   RO         4810    i.USB_ActivateEndpoint  stm32f4xx_ll_usb.o
    0x0800a124   0x0000001c   Code   RO         4812    i.USB_ActivateSetup  stm32f4xx_ll_usb.o
    0x0800a140   0x00000074   Code   RO         4814    i.USB_CoreInit      stm32f4xx_ll_usb.o
    0x0800a1b4   0x00000040   Code   RO         4815    i.USB_CoreReset     stm32f4xx_ll_usb.o
    0x0800a1f4   0x000000d0   Code   RO         4818    i.USB_DeactivateEndpoint  stm32f4xx_ll_usb.o
    0x0800a2c4   0x0000001c   Code   RO         4819    i.USB_DevConnect    stm32f4xx_ll_usb.o
    0x0800a2e0   0x0000001c   Code   RO         4820    i.USB_DevDisconnect  stm32f4xx_ll_usb.o
    0x0800a2fc   0x00000174   Code   RO         4821    i.USB_DevInit       stm32f4xx_ll_usb.o
    0x0800a470   0x0000000c   Code   RO         4822    i.USB_DisableGlobalInt  stm32f4xx_ll_usb.o
    0x0800a47c   0x0000011c   Code   RO         4825    i.USB_EP0StartXfer  stm32f4xx_ll_usb.o
    0x0800a598   0x00000058   Code   RO         4826    i.USB_EP0_OutStart  stm32f4xx_ll_usb.o
    0x0800a5f0   0x00000058   Code   RO         4827    i.USB_EPClearStall  stm32f4xx_ll_usb.o
    0x0800a648   0x00000058   Code   RO         4828    i.USB_EPSetStall    stm32f4xx_ll_usb.o
    0x0800a6a0   0x000001e4   Code   RO         4829    i.USB_EPStartXfer   stm32f4xx_ll_usb.o
    0x0800a884   0x0000009c   Code   RO         4830    i.USB_EPStopXfer    stm32f4xx_ll_usb.o
    0x0800a920   0x0000000c   Code   RO         4831    i.USB_EnableGlobalInt  stm32f4xx_ll_usb.o
    0x0800a92c   0x0000003c   Code   RO         4832    i.USB_FlushRxFifo   stm32f4xx_ll_usb.o
    0x0800a968   0x00000040   Code   RO         4833    i.USB_FlushTxFifo   stm32f4xx_ll_usb.o
    0x0800a9a8   0x0000001a   Code   RO         4835    i.USB_GetDevSpeed   stm32f4xx_ll_usb.o
    0x0800a9c2   0x00000008   Code   RO         4837    i.USB_GetMode       stm32f4xx_ll_usb.o
    0x0800a9ca   0x0000000e   Code   RO         4844    i.USB_ReadDevAllInEpInterrupt  stm32f4xx_ll_usb.o
    0x0800a9d8   0x0000000e   Code   RO         4845    i.USB_ReadDevAllOutEpInterrupt  stm32f4xx_ll_usb.o
    0x0800a9e6   0x00000024   Code   RO         4846    i.USB_ReadDevInEPInterrupt  stm32f4xx_ll_usb.o
    0x0800aa0a   0x00000010   Code   RO         4847    i.USB_ReadDevOutEPInterrupt  stm32f4xx_ll_usb.o
    0x0800aa1a   0x00000008   Code   RO         4848    i.USB_ReadInterrupts  stm32f4xx_ll_usb.o
    0x0800aa22   0x0000003e   Code   RO         4849    i.USB_ReadPacket    stm32f4xx_ll_usb.o
    0x0800aa60   0x0000005c   Code   RO         4851    i.USB_SetCurrentMode  stm32f4xx_ll_usb.o
    0x0800aabc   0x00000022   Code   RO         4852    i.USB_SetDevAddress  stm32f4xx_ll_usb.o
    0x0800aade   0x00000002   PAD
    0x0800aae0   0x000000e8   Code   RO         4854    i.USB_SetTurnaroundTime  stm32f4xx_ll_usb.o
    0x0800abc8   0x00000026   Code   RO         4857    i.USB_WritePacket   stm32f4xx_ll_usb.o
    0x0800abee   0x00000002   Code   RO          759    i.UsageFault_Handler  stm32f4xx_it.o
    0x0800abf0   0x00000054   Code   RO         6655    i.YawCan2Send       bsp_can.o
    0x0800ac44   0x00000040   Code   RO         7689    i.Yaw_Current_Calc  gimbal_task.o
    0x0800ac84   0x00000090   Code   RO         7927    i.ZeroCheck         zerochecktask.o
    0x0800ad14   0x000000b0   Code   RO         7928    i.ZeroCheck_Init    zerochecktask.o
    0x0800adc4   0x00000174   Code   RO         7929    i.ZeroCheck_cal     zerochecktask.o
    0x0800af38   0x00000030   Code   RO         9726    i.__ARM_fpclassify  m_wm.l(fpclassify.o)
    0x0800af68   0x00000026   Code   RO         9728    i.__ARM_fpclassifyf  m_wm.l(fpclassifyf.o)
    0x0800af8e   0x00000020   Code   RO         2141    i.__NVIC_SetPriority  stm32f4xx_hal_cortex.o
    0x0800afae   0x00000002   PAD
    0x0800afb0   0x00000118   Code   RO         9519    i.__hardfp_acosf    m_wm.l(acosf.o)
    0x0800b0c8   0x0000012c   Code   RO         9531    i.__hardfp_asinf    m_wm.l(asinf.o)
    0x0800b1f4   0x00000004   PAD
    0x0800b1f8   0x000002d8   Code   RO         9543    i.__hardfp_atan     m_wm.l(atan.o)
    0x0800b4d0   0x00000250   Code   RO         9557    i.__hardfp_atan2f   m_wm.l(atan2f.o)
    0x0800b720   0x000000c8   Code   RO         9569    i.__hardfp_cos      m_wm.l(cos.o)
    0x0800b7e8   0x000000c8   Code   RO         9581    i.__hardfp_sin      m_wm.l(sin.o)
    0x0800b8b0   0x0000003a   Code   RO         9593    i.__hardfp_sqrtf    m_wm.l(sqrtf.o)
    0x0800b8ea   0x00000006   PAD
    0x0800b8f0   0x00000438   Code   RO         9746    i.__ieee754_rem_pio2  m_wm.l(rred.o)
    0x0800bd28   0x00000170   Code   RO         9703    i.__kernel_cos      m_wm.l(cos_i.o)
    0x0800be98   0x000000f8   Code   RO         9744    i.__kernel_poly     m_wm.l(poly.o)
    0x0800bf90   0x00000130   Code   RO         9751    i.__kernel_sin      m_wm.l(sin_i.o)
    0x0800c0c0   0x00000014   Code   RO         9707    i.__mathlib_dbl_infnan  m_wm.l(dunder.o)
    0x0800c0d4   0x00000004   PAD
    0x0800c0d8   0x00000020   Code   RO         9709    i.__mathlib_dbl_invalid  m_wm.l(dunder.o)
    0x0800c0f8   0x00000020   Code   RO         9712    i.__mathlib_dbl_underflow  m_wm.l(dunder.o)
    0x0800c118   0x00000006   Code   RO         9731    i.__mathlib_flt_infnan  m_wm.l(funder.o)
    0x0800c11e   0x00000006   Code   RO         9732    i.__mathlib_flt_infnan2  m_wm.l(funder.o)
    0x0800c124   0x00000010   Code   RO         9733    i.__mathlib_flt_invalid  m_wm.l(funder.o)
    0x0800c134   0x00000010   Code   RO         9736    i.__mathlib_flt_underflow  m_wm.l(funder.o)
    0x0800c144   0x0000003c   Code   RO         6884    i.aRGB_led_show     bsp_led.o
    0x0800c180   0x00000128   Code   RO         8429    i.bmi088_accel_init  bmi088driver.o
    0x0800c2a8   0x000000fc   Code   RO         8430    i.bmi088_gyro_init  bmi088driver.o
    0x0800c3a4   0x00000010   Code   RO         6612    i.buzzer_off        bsp_pwm.o
    0x0800c3b4   0x00000010   Code   RO         6613    i.buzzer_on         bsp_pwm.o
    0x0800c3c4   0x00000104   Code   RO         6656    i.can_filter_init   bsp_can.o
    0x0800c4c8   0x00000028   Code   RO         6946    i.delay_init        bsp_delay.o
    0x0800c4f0   0x00000034   Code   RO         6947    i.delay_ms          bsp_delay.o
    0x0800c524   0x000000b2   Code   RO         8371    i.f_Changing_Integration_Rate  controller.o
    0x0800c5d6   0x000000b8   Code   RO         8372    i.f_Derivative_On_Measurement  controller.o
    0x0800c68e   0x0000009a   Code   RO         8373    i.f_Integral_Limit  controller.o
    0x0800c728   0x00000018   Code   RO         9722    i.fabs              m_wm.l(fabs.o)
    0x0800c740   0x00000020   Code   RO         8084    i.float_constrain   user_lib.o
    0x0800c760   0x00000022   Code   RO         8086    i.float_rounding    user_lib.o
    0x0800c782   0x00000002   PAD
    0x0800c784   0x0000002c   Code   RO         8773    i.invSqrt           quaternionekf.o
    0x0800c7b0   0x00000118   Code   RO         7415    i.led_RGB_flow_task  led_flow_task.o
    0x0800c8c8   0x00000018   Code   RO           18    i.main              main.o
    0x0800c8e0   0x0000000c   Code   RO         6103    i.makeFreeRtosPriority  cmsis_os.o
    0x0800c8ec   0x0000000e   Code   RO         6105    i.osDelay           cmsis_os.o
    0x0800c8fa   0x0000000a   Code   RO         6108    i.osKernelStart     cmsis_os.o
    0x0800c904   0x00000054   Code   RO         6142    i.osThreadCreate    cmsis_os.o
    0x0800c958   0x00000078   Code   RO         5627    i.prvAddCurrentTaskToDelayedList  tasks.o
    0x0800c9d0   0x000000d0   Code   RO         5628    i.prvAddNewTaskToReadyList  tasks.o
    0x0800caa0   0x00000058   Code   RO         5960    i.prvCheckForValidListAndQueue  timers.o
    0x0800caf8   0x00000026   Code   RO         5293    i.prvCopyDataFromQueue  queue.o
    0x0800cb1e   0x0000006c   Code   RO         5294    i.prvCopyDataToQueue  queue.o
    0x0800cb8a   0x00000034   Code   RO         5629    i.prvDeleteTCB      tasks.o
    0x0800cbbe   0x00000002   PAD
    0x0800cbc0   0x0000004c   Code   RO         6482    i.prvHeapInit       heap_4.o
    0x0800cc0c   0x0000005c   Code   RO         5630    i.prvIdleTask       tasks.o
    0x0800cc68   0x00000016   Code   RO         5296    i.prvInitialiseNewQueue  queue.o
    0x0800cc7e   0x000000a0   Code   RO         5631    i.prvInitialiseNewTask  tasks.o
    0x0800cd1e   0x00000002   PAD
    0x0800cd20   0x0000004c   Code   RO         6483    i.prvInsertBlockIntoFreeList  heap_4.o
    0x0800cd6c   0x00000038   Code   RO         5962    i.prvInsertTimerInActiveList  timers.o
    0x0800cda4   0x0000001a   Code   RO         5297    i.prvIsQueueEmpty   queue.o
    0x0800cdbe   0x00000002   PAD
    0x0800cdc0   0x000000cc   Code   RO         5963    i.prvProcessReceivedCommands  timers.o
    0x0800ce8c   0x000000b4   Code   RO         5964    i.prvProcessTimerOrBlockTask  timers.o
    0x0800cf40   0x00000020   Code   RO         5632    i.prvResetNextTaskUnblockTime  tasks.o
    0x0800cf60   0x00000028   Code   RO         5965    i.prvSampleTimeNow  timers.o
    0x0800cf88   0x0000006c   Code   RO         5966    i.prvSwitchTimerLists  timers.o
    0x0800cff4   0x00000028   Code   RO         6532    i.prvTaskExitError  port.o
    0x0800d01c   0x00000028   Code   RO         5967    i.prvTimerTask      timers.o
    0x0800d044   0x0000006a   Code   RO         5298    i.prvUnlockQueue    queue.o
    0x0800d0ae   0x00000002   PAD
    0x0800d0b0   0x000000d8   Code   RO         6484    i.pvPortMalloc      heap_4.o
    0x0800d188   0x0000002c   Code   RO         6533    i.pxPortInitialiseStack  port.o
    0x0800d1b4   0x00000020   Code   RO         7618    i.remote_control_init  datareceivetask.o
    0x0800d1d4   0x00000154   Code   RO         7619    i.sbus_to_rc        datareceivetask.o
    0x0800d328   0x0000003e   Code   RO         9595    i.sqrtf             m_wm.l(sqrtf.o)
    0x0800d366   0x00000002   PAD
    0x0800d368   0x00000068   Code   RO         5636    i.ulTaskNotifyTake  tasks.o
    0x0800d3d0   0x00000026   Code   RO         5253    i.uxListRemove      list.o
    0x0800d3f6   0x00000002   PAD
    0x0800d3f8   0x00000020   Code   RO         5638    i.uxTaskGetStackHighWaterMark  tasks.o
    0x0800d418   0x00000014   Code   RO          406    i.vApplicationGetIdleTaskMemory  freertos.o
    0x0800d42c   0x00000018   Code   RO          407    i.vApplicationGetTimerTaskMemory  freertos.o
    0x0800d444   0x00000016   Code   RO         5254    i.vListInitialise   list.o
    0x0800d45a   0x00000006   Code   RO         5255    i.vListInitialiseItem  list.o
    0x0800d460   0x00000030   Code   RO         5256    i.vListInsert       list.o
    0x0800d490   0x00000018   Code   RO         5257    i.vListInsertEnd    list.o
    0x0800d4a8   0x00000040   Code   RO         6535    i.vPortEnterCritical  port.o
    0x0800d4e8   0x00000028   Code   RO         6536    i.vPortExitCritical  port.o
    0x0800d510   0x0000005c   Code   RO         6485    i.vPortFree         heap_4.o
    0x0800d56c   0x00000024   Code   RO         6537    i.vPortSetupTimerInterrupt  port.o
    0x0800d590   0x00000054   Code   RO         6538    i.vPortValidateInterruptPriority  port.o
    0x0800d5e4   0x00000024   Code   RO         5302    i.vQueueAddToRegistry  queue.o
    0x0800d608   0x00000044   Code   RO         5305    i.vQueueWaitForMessageRestricted  queue.o
    0x0800d64c   0x0000004c   Code   RO         5642    i.vTaskDelay        tasks.o
    0x0800d698   0x00000090   Code   RO         5643    i.vTaskDelayUntil   tasks.o
    0x0800d728   0x00000010   Code   RO         5646    i.vTaskInternalSetTimeOutState  tasks.o
    0x0800d738   0x0000000c   Code   RO         5647    i.vTaskMissedYield  tasks.o
    0x0800d744   0x00000030   Code   RO         5649    i.vTaskPlaceOnEventList  tasks.o
    0x0800d774   0x00000038   Code   RO         5650    i.vTaskPlaceOnEventListRestricted  tasks.o
    0x0800d7ac   0x00000084   Code   RO         5657    i.vTaskStartScheduler  tasks.o
    0x0800d830   0x00000010   Code   RO         5659    i.vTaskSuspendAll   tasks.o
    0x0800d840   0x0000005c   Code   RO         5660    i.vTaskSwitchContext  tasks.o
    0x0800d89c   0x000000f4   Code   RO         6539    i.xPortStartScheduler  port.o
    0x0800d990   0x0000002c   Code   RO         6540    i.xPortSysTickHandler  port.o
    0x0800d9bc   0x00000066   Code   RO         5309    i.xQueueGenericCreateStatic  queue.o
    0x0800da22   0x00000002   PAD
    0x0800da24   0x00000088   Code   RO         5310    i.xQueueGenericReset  queue.o
    0x0800daac   0x00000164   Code   RO         5311    i.xQueueGenericSend  queue.o
    0x0800dc10   0x000000bc   Code   RO         5312    i.xQueueGenericSendFromISR  queue.o
    0x0800dccc   0x00000138   Code   RO         5320    i.xQueueReceive     queue.o
    0x0800de04   0x00000088   Code   RO         5662    i.xTaskCheckForTimeOut  tasks.o
    0x0800de8c   0x0000005a   Code   RO         5663    i.xTaskCreate       tasks.o
    0x0800dee6   0x0000005a   Code   RO         5664    i.xTaskCreateStatic  tasks.o
    0x0800df40   0x000000cc   Code   RO         5665    i.xTaskGenericNotify  tasks.o
    0x0800e00c   0x0000001c   Code   RO         5669    i.xTaskGetSchedulerState  tasks.o
    0x0800e028   0x0000000c   Code   RO         5670    i.xTaskGetTickCount  tasks.o
    0x0800e034   0x000000c8   Code   RO         5672    i.xTaskIncrementTick  tasks.o
    0x0800e0fc   0x00000098   Code   RO         5675    i.xTaskPriorityDisinherit  tasks.o
    0x0800e194   0x00000074   Code   RO         5677    i.xTaskRemoveFromEventList  tasks.o
    0x0800e208   0x000000c4   Code   RO         5678    i.xTaskResumeAll    tasks.o
    0x0800e2cc   0x00000060   Code   RO         5972    i.xTimerCreateTimerTask  timers.o
    0x0800e32c   0x00000064   Code   RO         5973    i.xTimerGenericCommand  timers.o
    0x0800e390   0x00000018   Code   RO         9692    x$fpl$basic         fz_wm.l(basic.o)
    0x0800e3a8   0x00000062   Code   RO         9497    x$fpl$d2f           fz_wm.l(d2f.o)
    0x0800e40a   0x00000002   PAD
    0x0800e40c   0x00000150   Code   RO         9499    x$fpl$dadd          fz_wm.l(daddsub_clz.o)
    0x0800e55c   0x000002b0   Code   RO         9506    x$fpl$ddiv          fz_wm.l(ddiv.o)
    0x0800e80c   0x0000005e   Code   RO         9801    x$fpl$dfix          fz_wm.l(dfix.o)
    0x0800e86a   0x0000002e   Code   RO         9510    x$fpl$dflt          fz_wm.l(dflt_clz.o)
    0x0800e898   0x00000026   Code   RO         9509    x$fpl$dfltu         fz_wm.l(dflt_clz.o)
    0x0800e8be   0x00000002   PAD
    0x0800e8c0   0x00000154   Code   RO         9515    x$fpl$dmul          fz_wm.l(dmul.o)
    0x0800ea14   0x0000009c   Code   RO         9694    x$fpl$dnaninf       fz_wm.l(dnaninf.o)
    0x0800eab0   0x0000000c   Code   RO         9696    x$fpl$dretinf       fz_wm.l(dretinf.o)
    0x0800eabc   0x00000016   Code   RO         9500    x$fpl$drsb          fz_wm.l(daddsub_clz.o)
    0x0800ead2   0x00000002   PAD
    0x0800ead4   0x000001d4   Code   RO         9501    x$fpl$dsub          fz_wm.l(daddsub_clz.o)
    0x0800eca8   0x00000056   Code   RO         9517    x$fpl$f2d           fz_wm.l(f2d.o)
    0x0800ecfe   0x0000008c   Code   RO         9698    x$fpl$fnaninf       fz_wm.l(fnaninf.o)
    0x0800ed8a   0x0000000a   Code   RO         9805    x$fpl$fpinit        fz_wm.l(fpinit.o)
    0x0800ed94   0x0000000a   Code   RO         9700    x$fpl$fretinf       fz_wm.l(fretinf.o)
    0x0800ed9e   0x00000000   Code   RO         9702    x$fpl$usenofp       fz_wm.l(usenofp.o)
    0x0800ed9e   0x00000002   PAD
    0x0800eda0   0x000000a8   Data   RO          409    .constdata          freertos.o
    0x0800ee48   0x00000008   Data   RO         1858    .constdata          stm32f4xx_hal_dma.o
    0x0800ee50   0x00000010   Data   RO         5116    .constdata          system_stm32f4xx.o
    0x0800ee60   0x00000008   Data   RO         5117    .constdata          system_stm32f4xx.o
    0x0800ee68   0x00000030   Data   RO         7323    .constdata          ins_task.o
    0x0800ee98   0x00000090   Data   RO         8775    .constdata          quaternionekf.o
    0x0800ef28   0x00000410   Data   RO         9233    .constdata          arm_cortexM4lf_math.lib(arm_cos_f32.o)
    0x0800f338   0x0000040c   Data   RO         9280    .constdata          arm_cortexM4lf_math.lib(arm_sin_f32.o)
    0x0800f744   0x00000004   PAD
    0x0800f748   0x00000098   Data   RO         9546    .constdata          m_wm.l(atan.o)
    0x0800f7e0   0x00000030   Data   RO         9704    .constdata          m_wm.l(cos_i.o)
    0x0800f810   0x000000c8   Data   RO         9748    .constdata          m_wm.l(rred.o)
    0x0800f8d8   0x00000028   Data   RO         9752    .constdata          m_wm.l(sin_i.o)
    0x0800f900   0x00000034   Data   RO          410    .conststring        freertos.o
    0x0800f934   0x00000020   Data   RO         9893    Region$$Table       anon$$obj.o


    Execution Region RW_IRAM1 (Base: 0x20000000, Size: 0x0000a3c8, Max: 0x00020000, ABSOLUTE, COMPRESSED[0x0000013c])

    Base Addr    Size         Type   Attr      Idx    E Section Name        Object

    0x20000000   0x00000018   Data   RW          411    .data               freertos.o
    0x20000018   0x00000004   Data   RW          475    .data               can.o
    0x2000001c   0x00000014   Data   RW          966    .data               usbd_cdc_if.o
    0x20000030   0x0000001c   Data   RW         1025    .data               usbd_desc.o
    0x2000004c   0x00000032   Data   RW         1026    .data               usbd_desc.o
    0x2000007e   0x00000002   PAD
    0x20000080   0x0000000c   Data   RW         1107    .data               pc_serial.o
    0x2000008c   0x0000000c   Data   RW         2285    .data               stm32f4xx_hal.o
    0x20000098   0x00000004   Data   RW         5118    .data               system_stm32f4xx.o
    0x2000009c   0x0000003c   Data   RW         5681    .data               tasks.o
    0x200000d8   0x00000014   Data   RW         5981    .data               timers.o
    0x200000ec   0x00000018   Data   RW         6490    .data               heap_4.o
    0x20000104   0x0000000c   Data   RW         6541    .data               port.o
    0x20000110   0x00000050   Data   RW         6659    .data               bsp_can.o
    0x20000160   0x00000008   Data   RW         6885    .data               bsp_led.o
    0x20000168   0x00000008   Data   RW         6949    .data               bsp_delay.o
    0x20000170   0x00000040   Data   RW         6996    .data               bsp_dwt.o
    0x200001b0   0x00000070   Data   RW         7324    .data               ins_task.o
    0x20000220   0x00000004   Data   RW         7326    .data               ins_task.o
    0x20000224   0x0000001c   Data   RW         7416    .data               led_flow_task.o
    0x20000240   0x0000000c   Data   RW         7625    .data               datareceivetask.o
    0x2000024c   0x00000006   Data   RW         7626    .data               datareceivetask.o
    0x20000252   0x00000001   Data   RW         7632    .data               datareceivetask.o
    0x20000253   0x00000005   PAD
    0x20000258   0x00000020   Data   RW         7696    .data               gimbal_task.o
    0x20000278   0x00000006   Data   RW         7698    .data               gimbal_task.o
    0x2000027e   0x00000004   Data   RW         7761    .data               actiontask.o
    0x20000282   0x00000002   PAD
    0x20000284   0x00000050   Data   RW         7815    .data               shoottask.o
    0x200002d4   0x0000000c   Data   RW         7932    .data               zerochecktask.o
    0x200002e0   0x00000032   Data   RW         8004    .data               chassistask.o
    0x20000312   0x00000002   PAD
    0x20000314   0x00000014   Data   RW         8095    .data               user_lib.o
    0x20000328   0x00000002   Data   RW         8221    .data               pid.o
    0x2000032a   0x00000002   PAD
    0x2000032c   0x0000004c   Data   RW         8432    .data               bmi088driver.o
    0x20000378   0x00000004   Data   RW         8696    .data               kalman_filter.o
    0x2000037c   0x000000d4   Data   RW         8776    .data               quaternionekf.o
    0x20000450   0x00000053   Data   RW         8850    .data               usbd_cdc.o
    0x200004a3   0x00000001   PAD
    0x200004a4   0x00000038   Data   RW         8851    .data               usbd_cdc.o
    0x200004dc   0x00000001   Data   RW         9109    .data               usbd_ctlreq.o
    0x200004dd   0x00000003   PAD
    0x200004e0   0x00000034   Zero   RW           19    .bss                main.o
    0x20000514   0x000006a8   Zero   RW          408    .bss                freertos.o
    0x20000bbc   0x00000050   Zero   RW          474    .bss                can.o
    0x20000c0c   0x00000054   Zero   RW          553    .bss                i2c.o
    0x20000c60   0x00000118   Zero   RW          595    .bss                spi.o
    0x20000d78   0x00000100   Zero   RW          641    .bss                tim.o
    0x20000e78   0x000000a0   Zero   RW          703    .bss                usart.o
    0x20000f18   0x000002dc   Zero   RW          922    .bss                usb_device.o
    0x200011f4   0x00001000   Zero   RW          965    .bss                usbd_cdc_if.o
    0x200021f4   0x00000200   Zero   RW         1024    .bss                usbd_desc.o
    0x200023f4   0x0000000b   Zero   RW         1105    .bss                pc_serial.o
    0x200023ff   0x00000001   PAD
    0x20002400   0x00000038   Zero   RW         1106    .bss                pc_serial.o
    0x20002438   0x00000040   Zero   RW         5323    .bss                queue.o
    0x20002478   0x000000f0   Zero   RW         5680    .bss                tasks.o
    0x20002568   0x00000110   Zero   RW         5980    .bss                timers.o
    0x20002678   0x00006000   Zero   RW         6489    .bss                heap_4.o
    0x20008678   0x00000060   Zero   RW         6657    .bss                bsp_can.o
    0x200086d8   0x0000072c   Zero   RW         7135    .bss                usbd_conf.o
    0x20008e04   0x00000174   Zero   RW         7322    .bss                ins_task.o
    0x20008f78   0x000000a4   Zero   RW         7620    .bss                datareceivetask.o
    0x2000901c   0x00000018   Zero   RW         7621    .bss                datareceivetask.o
    0x20009034   0x00000020   Zero   RW         7622    .bss                datareceivetask.o
    0x20009054   0x000001dc   Zero   RW         7690    .bss                gimbal_task.o
    0x20009230   0x00000028   Zero   RW         7695    .bss                gimbal_task.o
    0x20009258   0x00000138   Zero   RW         7813    .bss                shoottask.o
    0x20009390   0x000000ac   Zero   RW         7930    .bss                zerochecktask.o
    0x2000943c   0x0000000e   Zero   RW         7969    .bss                datasendtask.o
    0x2000944a   0x00000002   PAD
    0x2000944c   0x00000058   Zero   RW         7998    .bss                chassistask.o
    0x200094a4   0x00000040   Zero   RW         8431    .bss                bmi088driver.o
    0x200094e4   0x00000004   PAD
    0x200094e8   0x00000280   Zero   RW         8774    .bss                quaternionekf.o
    0x20009768   0x00000060   Zero   RW         9760    .bss                c_w.l(libspace.o)
    0x200097c8   0x00000800   Zero   RW            2    HEAP                startup_stm32f407xx.o
    0x20009fc8   0x00000400   Zero   RW            1    STACK               startup_stm32f407xx.o


==============================================================================

Image component sizes


      Code (inc. data)   RO Data    RW Data    ZI Data      Debug   Object Name

       160         14          0          4          0       3001   actiontask.o
      2208        110          0         76         64      10920   bmi088driver.o
        96         28          0          0          0       2731   bmi088middleware.o
      1240        158          0         80         96     594965   bsp_can.o
        92         18          0          8          0       1380   bsp_delay.o
       452         70          0         64          0       4878   bsp_dwt.o
        60          8          0          8          0        620   bsp_led.o
        74         10          0          0          0       2007   bsp_pwm.o
        96         12          0          0          0       1099   bsp_rc.o
       448         42          0          4         80       2586   can.o
      1302        192          0         50         88       6893   chassistask.o
       120          0          0          0          0      22461   cmsis_os.o
      1734         14          0          0          0       7619   controller.o
       660         44          0         19        220       7666   datareceivetask.o
         0          0          0          0         14        239   datasendtask.o
        92          4          0          0          0        862   dma.o
         0          0          0          0          0      17936   event_groups.o
       192         18        220         24       1704       3470   freertos.o
       948        162          0         38        516       6939   gimbal_task.o
       648         36          0          0          0       1319   gpio.o
       460         24          0         24      24576       5003   heap_4.o
       204         32          0          0         84       1789   i2c.o
      2100        146         48        116        372      10835   ins_task.o
      2222         22          0          4          0       9343   kalman_filter.o
       280         10          0         28          0       2473   led_flow_task.o
       138          0          0          0          0       3650   list.o
       500         42          0          0         52     791673   main.o
       268         40          0         12         67       3899   pc_serial.o
       404         12          0          2          0       6885   pid.o
       786         80          0         12          0      12241   port.o
      2936        166        144        212        640      10485   quaternionekf.o
      1498         18          0          0         64      14852   queue.o
      1868        330          0         80        312      12725   shoottask.o
       324         34          0          0        280       1975   spi.o
        64         26        392          0       3072        868   startup_stm32f407xx.o
       180         28          0         12          0       4757   stm32f4xx_hal.o
      1634          6          0          0          0      14243   stm32f4xx_hal_can.o
       198         14          0          0          0      33995   stm32f4xx_hal_cortex.o
       336         12          8          0          0       3019   stm32f4xx_hal_dma.o
       484         52          0          0          0       3828   stm32f4xx_hal_gpio.o
       372         16          0          0          0       2983   stm32f4xx_hal_i2c.o
        56          4          0          0          0        894   stm32f4xx_hal_msp.o
      2612         14          0          0          0      14152   stm32f4xx_hal_pcd.o
        78          0          0          0          0       2493   stm32f4xx_hal_pcd_ex.o
      1268         82          0          0          0       5924   stm32f4xx_hal_rcc.o
       838          8          0          0          0       4741   stm32f4xx_hal_spi.o
      1356         90          0          0          0      14237   stm32f4xx_hal_tim.o
        66          0          0          0          0       1380   stm32f4xx_hal_tim_ex.o
       782          8          0          0          0       2096   stm32f4xx_hal_uart.o
       144         42          0          0          0       8835   stm32f4xx_it.o
      2888        136          0          0          0      24647   stm32f4xx_ll_usb.o
         0          0          0          0          0        392   stream_buffer.o
        84         18         24          4          0       1243   system_stm32f4xx.o
      2616        194          0         60        240      28660   tasks.o
        72         12          0          0          0       2053   td.o
       884         82          0          0        256       4825   tim.o
       912         84          0         20        272      26715   timers.o
       240         34          0          0        160       1857   usart.o
        84         18          0          0        732        856   usb_device.o
      1278         36          0        139          0      12949   usbd_cdc.o
       140         28          0         20       4096       4140   usbd_cdc_if.o
       644         24          0          0       1836      16588   usbd_conf.o
       920          0          0          0          0      14075   usbd_core.o
      1332         28          0          1          0      14308   usbd_ctlreq.o
       286        104          0         78        512       6301   usbd_desc.o
       132          0          0          0          0       3984   usbd_ioreq.o
       632          6          0         20          0       6769   user_lib.o
       692        104          0         12        172       3533   zerochecktask.o

    ----------------------------------------------------------------------
     48986       3206        868       1248      40584    1879759   Object Totals
         0          0         32          0          0          0   (incl. Generated)
        72          0          0         17          7          0   (incl. Padding)

    ----------------------------------------------------------------------

      Code (inc. data)   RO Data    RW Data    ZI Data      Debug   Library Member Name

       216         22       1040          0          0      16570   arm_cos_f32.o
       256          0          0          0          0       1426   arm_mat_add_f32.o
         8          0          0          0          0        779   arm_mat_init_f32.o
      1280         10          0          0          0       2726   arm_mat_inverse_f32.o
       248          6          0          0          0       1371   arm_mat_mult_f32.o
       256          0          0          0          0       1426   arm_mat_sub_f32.o
       152          0          0          0          0       1172   arm_mat_trans_f32.o
       216         22       1036          0          0       1382   arm_sin_f32.o
        90          0          0          0          0          0   __dczerorl2.o
         8          0          0          0          0         68   __main.o
         0          0          0          0          0          0   __rtentry.o
        12          0          0          0          0          0   __rtentry2.o
         6          0          0          0          0          0   __rtentry4.o
        52          8          0          0          0          0   __scatter.o
        28          0          0          0          0          0   __scatter_zi.o
        22          0          0          0          0        100   _rserrno.o
        16          0          0          0          0         68   aeabi_memset.o
        10          0          0          0          0         68   defsig_exit.o
        50          0          0          0          0         88   defsig_general.o
        80         58          0          0          0         76   defsig_rtmem_inner.o
        14          0          0          0          0         80   defsig_rtmem_outer.o
        12          0          0          0          0         72   exit.o
        94          0          0          0          0         80   h1_alloc.o
        52          0          0          0          0         68   h1_extend.o
        78          0          0          0          0         80   h1_free.o
        14          0          0          0          0         84   h1_init.o
         6          0          0          0          0        152   heapauxi.o
         4          0          0          0          0        136   hguard.o
         0          0          0          0          0          0   indicate_semi.o
       138          0          0          0          0        168   init_alloc.o
         2          0          0          0          0          0   libinit.o
        14          0          0          0          0          0   libinit2.o
         2          0          0          0          0          0   libshutdown.o
         2          0          0          0          0          0   libshutdown2.o
         8          4          0          0         96         68   libspace.o
       238          0          0          0          0        100   lludivv7m.o
         0          0          0          0          0          0   maybetermalloc1.o
         8          4          0          0          0         68   rt_errno_addr_intlibspace.o
         8          4          0          0          0         68   rt_heap_descriptor_intlibspace.o
        68          0          0          0          0         68   rt_memclr.o
        78          0          0          0          0         80   rt_memclr_w.o
       138          0          0          0          0         68   rt_memcpy_v6.o
       100          0          0          0          0         80   rt_memcpy_w.o
         2          0          0          0          0          0   rtexit.o
        10          0          0          0          0          0   rtexit2.o
        12          4          0          0          0         68   sys_exit.o
        74          0          0          0          0         80   sys_stackheap_outer.o
        14          0          0          0          0         76   sys_wrch.o
         2          0          0          0          0         68   use_no_semi.o
        24          0          0          0          0        164   basic.o
        98          4          0          0          0        140   d2f.o
       826         16          0          0          0        492   daddsub_clz.o
       688        140          0          0          0        256   ddiv.o
        94          4          0          0          0        140   dfix.o
        84          0          0          0          0        232   dflt_clz.o
       340         12          0          0          0        152   dmul.o
       156          4          0          0          0        140   dnaninf.o
        12          0          0          0          0        116   dretinf.o
        86          4          0          0          0        132   f2d.o
       140          4          0          0          0        132   fnaninf.o
        10          0          0          0          0        116   fpinit.o
        10          0          0          0          0        116   fretinf.o
         0          0          0          0          0          0   usenofp.o
       280         46          0          0          0        176   acosf.o
       300         42          0          0          0        176   asinf.o
       728        106        152          0          0        228   atan.o
       592         90          0          0          0        184   atan2f.o
       200         20          0          0          0        164   cos.o
       368         46         48          0          0        200   cos_i.o
        84         16          0          0          0        372   dunder.o
        24          0          0          0          0        124   fabs.o
        48          0          0          0          0        124   fpclassify.o
        38          0          0          0          0        116   fpclassifyf.o
        44         12          0          0          0        464   funder.o
       248          0          0          0          0        152   poly.o
      1080        142        200          0          0        188   rred.o
       200         20          0          0          0        164   sin.o
       304         24         40          0          0        208   sin_i.o
       120          0          0          0          0        272   sqrtf.o

    ----------------------------------------------------------------------
     11454        898       2520          0         96      34772   Library Totals
        30          4          4          0          0          0   (incl. Padding)

    ----------------------------------------------------------------------

      Code (inc. data)   RO Data    RW Data    ZI Data      Debug   Library Name

      2632         60       2076          0          0      26852   arm_cortexM4lf_math.lib
      1566         82          0          0         96       2280   c_w.l
      2568        188          0          0          0       2328   fz_wm.l
      4658        564        440          0          0       3312   m_wm.l

    ----------------------------------------------------------------------
     11454        898       2520          0         96      34772   Library Totals

    ----------------------------------------------------------------------

==============================================================================


      Code (inc. data)   RO Data    RW Data    ZI Data      Debug   

     60440       4104       3388       1248      40680    1867683   Grand Totals
     60440       4104       3388        316      40680    1867683   ELF Image Totals (compressed)
     60440       4104       3388        316          0          0   ROM Totals

==============================================================================

    Total RO  Size (Code + RO Data)                63828 (  62.33kB)
    Total RW  Size (RW Data + ZI Data)             41928 (  40.95kB)
    Total ROM Size (Code + RO Data + RW Data)      64144 (  62.64kB)

==============================================================================

